Component: ARM Compiler 5.06 update 2 (build 183) Tool: armlink [4d35b7]

==============================================================================

Section Cross References

    main.o(.text) refers to _printf_percent.o(.ARM.Collect$$_printf_percent$$00000000) for _printf_percent
    main.o(.text) refers to _printf_s.o(.ARM.Collect$$_printf_percent$$00000014) for _printf_s
    main.o(.text) refers to _printf_str.o(.text) for _printf_str
    main.o(.text) refers to misc.o(.text) for NVIC_PriorityGroupConfig
    main.o(.text) refers to delay.o(.text) for delay_init
    main.o(.text) refers to usart.o(.text) for uart_init
    main.o(.text) refers to adc.o(.text) for Adc_Init
    main.o(.text) refers to timer.o(.text) for TIM3_Int_Init
    main.o(.text) refers to pwm.o(.text) for PWM_Init
    main.o(.text) refers to attitudealgorithm.o(.text) for get_lib_info
    main.o(.text) refers to noretval__2printf.o(.text) for __2printf
    main.o(.text) refers to 24l01.o(.text) for NRF24L01_Init
    main.o(.text) refers to mpu6050.o(.text) for MPU6050_Init
    main.o(.text) refers to led.o(.text) for LED_Init
    main.o(.text) refers to ms5611.o(.text) for MS5611_Init
    main.o(.text) refers to remotereceive.o(.text) for UartReciveTaskCreate
    main.o(.text) refers to dataacquisition.o(.text) for DataAcquisitionTaskCreate
    main.o(.text) refers to uimanage.o(.text) for UIManageTaskCreate
    main.o(.text) refers to tasks.o(.text) for vTaskStartScheduler
    system_stm32f4xx.o(.text) refers to system_stm32f4xx.o(.data) for .data
    crc16.o(.text) refers to crc16.o(.constdata) for .constdata
    led.o(.text) refers to stm32f4xx_rcc.o(.text) for RCC_AHB1PeriphClockCmd
    led.o(.text) refers to stm32f4xx_gpio.o(.text) for GPIO_Init
    pwm.o(.text) refers to stm32f4xx_rcc.o(.text) for RCC_AHB1PeriphClockCmd
    pwm.o(.text) refers to stm32f4xx_gpio.o(.text) for GPIO_Init
    pwm.o(.text) refers to stm32f4xx_tim.o(.text) for TIM_TimeBaseInit
    myiic.o(.text) refers to stm32f4xx_rcc.o(.text) for RCC_AHB1PeriphClockCmd
    myiic.o(.text) refers to stm32f4xx_gpio.o(.text) for GPIO_Init
    myiic.o(.text) refers to delay.o(.text) for delay_us
    spi.o(.text) refers to stm32f4xx_spi.o(.text) for SPI_I2S_GetFlagStatus
    spi.o(.text) refers to stm32f4xx_rcc.o(.text) for RCC_AHB1PeriphClockCmd
    spi.o(.text) refers to stm32f4xx_gpio.o(.text) for GPIO_Init
    mpu6050.o(.text) refers to myiic.o(.text) for IIC_Start
    mpu6050.o(.text) refers to delay.o(.text) for delay_ms
    mpu6050.o(.text) refers to dflt_clz.o(x$fpl$dflt) for __aeabi_i2d
    mpu6050.o(.text) refers to ddiv.o(x$fpl$ddiv) for __aeabi_ddiv
    mpu6050.o(.text) refers to daddsub_clz.o(x$fpl$dsub) for __aeabi_dsub
    mpu6050.o(.text) refers to dfix.o(x$fpl$dfix) for __aeabi_d2iz
    24l01.o(.text) refers to stm32f4xx_spi.o(.text) for SPI_Cmd
    24l01.o(.text) refers to stm32f4xx_rcc.o(.text) for RCC_AHB1PeriphClockCmd
    24l01.o(.text) refers to stm32f4xx_gpio.o(.text) for GPIO_Init
    24l01.o(.text) refers to stm32f4xx_syscfg.o(.text) for SYSCFG_EXTILineConfig
    24l01.o(.text) refers to stm32f4xx_exti.o(.text) for EXTI_Init
    24l01.o(.text) refers to misc.o(.text) for NVIC_Init
    24l01.o(.text) refers to spi.o(.text) for SPI1_Init
    24l01.o(.text) refers to remotereceive.o(.text) for NRFReceiveIntterupt
    24l01.o(.text) refers to tasks.o(.text) for vTaskDelay
    24l01.o(.text) refers to remotereceive.o(.data) for NrfMode
    24l01.o(.text) refers to 24l01.o(.constdata) for .constdata
    timer.o(.text) refers to stm32f4xx_rcc.o(.text) for RCC_APB1PeriphClockCmd
    timer.o(.text) refers to stm32f4xx_tim.o(.text) for TIM_TimeBaseInit
    timer.o(.text) refers to misc.o(.text) for NVIC_Init
    timer.o(.text) refers to dataacquisition.o(.text) for DataAcquisitionIntterupt
    stmflash.o(.text) refers to stm32f4xx_flash.o(.text) for FLASH_Unlock
    adc.o(.text) refers to stm32f4xx_rcc.o(.text) for RCC_AHB1PeriphClockCmd
    adc.o(.text) refers to stm32f4xx_gpio.o(.text) for GPIO_Init
    adc.o(.text) refers to stm32f4xx_adc.o(.text) for ADC_CommonInit
    adc.o(.text) refers to delay.o(.text) for delay_ms
    ms5611.o(.text) refers to _printf_percent.o(.ARM.Collect$$_printf_percent$$00000000) for _printf_percent
    ms5611.o(.text) refers to _printf_d.o(.ARM.Collect$$_printf_percent$$00000009) for _printf_d
    ms5611.o(.text) refers to _printf_s.o(.ARM.Collect$$_printf_percent$$00000014) for _printf_s
    ms5611.o(.text) refers to _printf_dec.o(.text) for _printf_int_dec
    ms5611.o(.text) refers to _printf_str.o(.text) for _printf_str
    ms5611.o(.text) refers to myiic.o(.text) for IIC_Start
    ms5611.o(.text) refers to delay.o(.text) for delay_us
    ms5611.o(.text) refers to tasks.o(.text) for vTaskSuspendAll
    ms5611.o(.text) refers to noretval__2printf.o(.text) for __2printf
    ms5611.o(.text) refers to filter.o(.text) for kalman1_init
    ms5611.o(.text) refers to dflt_clz.o(x$fpl$dfltu) for __aeabi_ui2d
    ms5611.o(.text) refers to ddiv.o(x$fpl$ddiv) for __aeabi_ddiv
    ms5611.o(.text) refers to d2f.o(x$fpl$d2f) for __aeabi_d2f
    ms5611.o(.text) refers to f2d.o(x$fpl$f2d) for __aeabi_f2d
    ms5611.o(.text) refers to daddsub_clz.o(x$fpl$dadd) for __aeabi_dadd
    ms5611.o(.text) refers to pow.o(i.__hardfp_pow) for __hardfp_pow
    ms5611.o(.text) refers to daddsub_clz.o(x$fpl$dsub) for __aeabi_dsub
    ms5611.o(.text) refers to dmul.o(x$fpl$dmul) for __aeabi_dmul
    ms5611.o(.text) refers to llsdiv.o(.text) for __aeabi_ldivmod
    ms5611.o(.text) refers to ms5611.o(.bss) for .bss
    ms5611.o(.text) refers to ms5611.o(.data) for .data
    ms5611.o(.text) refers to ms5611.o(.constdata) for .constdata
    ms5611.o(.text) refers to ffltll_clz.o(x$fpl$ffltll) for __aeabi_l2f
    hmc5883l.o(.text) refers to _printf_pad.o(.text) for _printf_pre_padding
    hmc5883l.o(.text) refers to _printf_percent.o(.ARM.Collect$$_printf_percent$$00000000) for _printf_percent
    hmc5883l.o(.text) refers to _printf_x.o(.ARM.Collect$$_printf_percent$$0000000C) for _printf_x
    hmc5883l.o(.text) refers to _printf_hex_int.o(.text) for _printf_longlong_hex
    hmc5883l.o(.text) refers to stm32f4xx_gpio.o(.text) for GPIO_ReadInputDataBit
    hmc5883l.o(.text) refers to myiic.o(.text) for IICreadBytes
    hmc5883l.o(.text) refers to delay.o(.text) for delay_us
    hmc5883l.o(.text) refers to noretval__2printf.o(.text) for __2printf
    hmc5883l.o(.text) refers to hmc5883l.o(.bss) for .bss
    hmc5883l.o(.text) refers to hmc5883l.o(.data) for .data
    delay.o(.text) refers to misc.o(.text) for SysTick_CLKSourceConfig
    delay.o(.text) refers to delay.o(.data) for .data
    usart.o(.rev16_text) refers (Special) to use_no_semi_2.o(.text) for __use_no_semihosting
    usart.o(.revsh_text) refers (Special) to use_no_semi_2.o(.text) for __use_no_semihosting
    usart.o(.text) refers (Special) to use_no_semi_2.o(.text) for __use_no_semihosting
    usart.o(.text) refers to stm32f4xx_rcc.o(.text) for RCC_AHB1PeriphClockCmd
    usart.o(.text) refers to stm32f4xx_gpio.o(.text) for GPIO_PinAFConfig
    usart.o(.text) refers to stm32f4xx_usart.o(.text) for USART_Init
    usart.o(.text) refers to misc.o(.text) for NVIC_Init
    usart.o(.text) refers to remotereceive.o(.text) for UartReceive
    usart.o(.data) refers (Special) to use_no_semi_2.o(.text) for __use_no_semihosting
    startup_stm32f40_41xxx.o(STACK) refers (Special) to heapauxi.o(.text) for __use_two_region_memory
    startup_stm32f40_41xxx.o(HEAP) refers (Special) to heapauxi.o(.text) for __use_two_region_memory
    startup_stm32f40_41xxx.o(RESET) refers (Special) to heapauxi.o(.text) for __use_two_region_memory
    startup_stm32f40_41xxx.o(RESET) refers to startup_stm32f40_41xxx.o(STACK) for __initial_sp
    startup_stm32f40_41xxx.o(RESET) refers to startup_stm32f40_41xxx.o(.text) for Reset_Handler
    startup_stm32f40_41xxx.o(RESET) refers to stm32f4xx_it.o(.text) for NMI_Handler
    startup_stm32f40_41xxx.o(RESET) refers to port.o(.emb_text) for SVC_Handler
    startup_stm32f40_41xxx.o(RESET) refers to port.o(.text) for SysTick_Handler
    startup_stm32f40_41xxx.o(RESET) refers to 24l01.o(.text) for EXTI9_5_IRQHandler
    startup_stm32f40_41xxx.o(RESET) refers to timer.o(.text) for TIM3_IRQHandler
    startup_stm32f40_41xxx.o(RESET) refers to usart.o(.text) for USART1_IRQHandler
    startup_stm32f40_41xxx.o(.text) refers (Special) to heapauxi.o(.text) for __use_two_region_memory
    startup_stm32f40_41xxx.o(.text) refers to system_stm32f4xx.o(.text) for SystemInit
    startup_stm32f40_41xxx.o(.text) refers to __main.o(!!!main) for __main
    startup_stm32f40_41xxx.o(.text) refers to startup_stm32f40_41xxx.o(HEAP) for Heap_Mem
    startup_stm32f40_41xxx.o(.text) refers to startup_stm32f40_41xxx.o(STACK) for Stack_Mem
    stm32f4xx_gpio.o(.text) refers to stm32f4xx_rcc.o(.text) for RCC_AHB1PeriphResetCmd
    stm32f4xx_usart.o(.text) refers to stm32f4xx_rcc.o(.text) for RCC_APB2PeriphResetCmd
    stm32f4xx_tim.o(.text) refers to stm32f4xx_rcc.o(.text) for RCC_APB2PeriphResetCmd
    stm32f4xx_syscfg.o(.text) refers to stm32f4xx_rcc.o(.text) for RCC_APB2PeriphResetCmd
    stm32f4xx_rcc.o(.text) refers to stm32f4xx_rcc.o(.data) for .data
    stm32f4xx_spi.o(.text) refers to stm32f4xx_rcc.o(.text) for RCC_APB1PeriphResetCmd
    stm32f4xx_adc.o(.text) refers to stm32f4xx_rcc.o(.text) for RCC_APB2PeriphResetCmd
    queue.o(.text) refers to port.o(.text) for vPortEnterCritical
    queue.o(.text) refers to list.o(.text) for vListInitialise
    queue.o(.text) refers to tasks.o(.text) for xTaskRemoveFromEventList
    queue.o(.text) refers to heap_2.o(.text) for pvPortMalloc
    queue.o(.text) refers to rt_memcpy_v6.o(.text) for __aeabi_memcpy
    queue.o(.text) refers to queue.o(.bss) for .bss
    tasks.o(.text) refers to port.o(.text) for vPortEnterCritical
    tasks.o(.text) refers to list.o(.text) for vListInitialise
    tasks.o(.text) refers to heap_2.o(.text) for pvPortMalloc
    tasks.o(.text) refers to tasks.o(.data) for .data
    tasks.o(.text) refers to tasks.o(.bss) for .bss
    tasks.o(.text) refers to aeabi_memset.o(.text) for __aeabi_memset
    heap_2.o(.text) refers to tasks.o(.text) for vTaskSuspendAll
    heap_2.o(.text) refers to heap_2.o(.data) for .data
    heap_2.o(.text) refers to heap_2.o(.bss) for .bss
    port.o(.emb_text) refers to tasks.o(.text) for vTaskSwitchContext
    port.o(.emb_text) refers to tasks.o(.data) for pxCurrentTCB
    port.o(.text) refers to port.o(.emb_text) for __asm___6_port_c_39a90d8d__prvEnableVFP
    port.o(.text) refers to tasks.o(.text) for xTaskIncrementTick
    port.o(.text) refers to system_stm32f4xx.o(.data) for SystemCoreClock
    port.o(.text) refers to port.o(.data) for .data
    controlalgorithm.o(.text) refers to f2d.o(x$fpl$f2d) for __aeabi_f2d
    controlalgorithm.o(.text) refers to ddiv.o(x$fpl$ddiv) for __aeabi_ddiv
    controlalgorithm.o(.text) refers to daddsub_clz.o(x$fpl$dadd) for __aeabi_dadd
    controlalgorithm.o(.text) refers to d2f.o(x$fpl$d2f) for __aeabi_d2f
    controlalgorithm.o(.text) refers to stm32f4xx_tim.o(.text) for TIM_SetCompare4
    controlalgorithm.o(.text) refers to ms5611.o(.data) for paOffsetInited
    controlalgorithm.o(.text) refers to controlalgorithm.o(.bss) for .bss
    controlalgorithm.o(.text) refers to controlalgorithm.o(.data) for .data
    controlalgorithm.o(.text) refers to attitudealgorithm.o(.bss) for imu
    dataacquisition.o(.text) refers to mpu6050.o(.text) for MPU6050ReadAcc
    dataacquisition.o(.text) refers to adc.o(.text) for Get_Adc
    dataacquisition.o(.text) refers to attitudealgorithm.o(.text) for MahonyAHRSupdate
    dataacquisition.o(.text) refers to outputdata.o(.text) for OutPut_Data
    dataacquisition.o(.text) refers to tasks.o(.text) for vTaskSuspendAll
    dataacquisition.o(.text) refers to queue.o(.text) for xQueueGenericReceive
    dataacquisition.o(.text) refers to dataacquisition.o(.data) for .data
    dataacquisition.o(.text) refers to controlalgorithm.o(.data) for accUpdated
    dataacquisition.o(.text) refers to outputdata.o(.bss) for OutData
    dataacquisition.o(.text) refers to attitudealgorithm.o(.bss) for imu
    dataacquisition.o(.text) refers to dataacquisition.o(.bss) for .bss
    remotereceive.o(.text) refers to _printf_percent.o(.ARM.Collect$$_printf_percent$$00000000) for _printf_percent
    remotereceive.o(.text) refers to _printf_s.o(.ARM.Collect$$_printf_percent$$00000014) for _printf_s
    remotereceive.o(.text) refers to _printf_str.o(.text) for _printf_str
    remotereceive.o(.text) refers to tasks.o(.text) for vTaskDelay
    remotereceive.o(.text) refers to queue.o(.text) for xQueueGenericReceive
    remotereceive.o(.text) refers to rt_memclr_w.o(.text) for __aeabi_memclr4
    remotereceive.o(.text) refers to 24l01.o(.text) for NRF24L01_TxPacket_Task
    remotereceive.o(.text) refers to noretval__2printf.o(.text) for __2printf
    remotereceive.o(.text) refers to rt_memclr.o(.text) for __aeabi_memclr
    remotereceive.o(.text) refers to crc16.o(.text) for crc16
    remotereceive.o(.text) refers to remotereceive.o(.data) for .data
    remotereceive.o(.text) refers to remotereceive.o(.bss) for .bss
    remotereceive.o(.text) refers to remotereceive.o(.constdata) for .constdata
    remotereceive.o(.text) refers to dataacquisition.o(.data) for ThrottleR
    remotereceive.o(.text) refers to dataacquisition.o(.bss) for RollPID
    uimanage.o(.text) refers to tasks.o(.text) for vTaskDelayUntil
    uimanage.o(.text) refers to queue.o(.text) for xQueueGenericReceive
    uimanage.o(.text) refers to uimanage.o(.data) for .data
    nvram.o(.text) refers to stm32f4xx_flash.o(.text) for FLASH_Unlock
    nvram.o(.text) refers to rt_memcpy_v6.o(.text) for __aeabi_memcpy
    nvram.o(.text) refers to stmflash.o(.text) for STMFLASH_Read
    nvram.o(.text) refers to nvram.o(.data) for .data
    nvram.o(.text) refers to nvram.o(.bss) for .bss
    outputdata.o(.text) refers to usart.o(.text) for uart_putc
    outputdata.o(.text) refers to outputdata.o(.bss) for .bss
    attitudealgorithm.o(.text) refers to f2d.o(x$fpl$f2d) for __aeabi_f2d
    attitudealgorithm.o(.text) refers to atan2.o(i.__hardfp_atan2) for __hardfp_atan2
    attitudealgorithm.o(.text) refers to dmul.o(x$fpl$dmul) for __aeabi_dmul
    attitudealgorithm.o(.text) refers to ddiv.o(x$fpl$ddiv) for __aeabi_ddiv
    attitudealgorithm.o(.text) refers to d2f.o(x$fpl$d2f) for __aeabi_d2f
    attitudealgorithm.o(.text) refers to sqrt.o(i.__hardfp_sqrt) for __hardfp_sqrt
    attitudealgorithm.o(.text) refers to atan.o(i.__hardfp_atan) for __hardfp_atan
    attitudealgorithm.o(.text) refers to cosf.o(i.__hardfp_cosf) for __hardfp_cosf
    attitudealgorithm.o(.text) refers to sinf.o(i.__hardfp_sinf) for __hardfp_sinf
    attitudealgorithm.o(.text) refers to atan2f.o(i.__hardfp_atan2f) for __hardfp_atan2f
    attitudealgorithm.o(.text) refers to attitudealgorithm.o(.constdata) for .constdata
    attitudealgorithm.o(.text) refers to attitudealgorithm.o(.data) for .data
    attitudealgorithm.o(.text) refers to rt_memcpy_w.o(.text) for __aeabi_memcpy4
    attitudealgorithm.o(.text) refers to daddsub_clz.o(x$fpl$dadd) for __aeabi_dadd
    attitudealgorithm.o(.text) refers to attitudealgorithm.o(.bss) for .bss
    filter.o(.text) refers to f2d.o(x$fpl$f2d) for __aeabi_f2d
    filter.o(.text) refers to ddiv.o(x$fpl$ddiv) for __aeabi_ddiv
    filter.o(.text) refers to d2f.o(x$fpl$d2f) for __aeabi_d2f
    filter.o(.text) refers to tanf.o(i.__hardfp_tanf) for __hardfp_tanf
    filter.o(.text) refers to cosf.o(i.__hardfp_cosf) for __hardfp_cosf
    use_no_semi_2.o(.text) refers (Special) to use_no_semi.o(.text) for __use_no_semihosting_swi
    llsdiv.o(.text) refers to lludivv7m.o(.text) for __aeabi_uldivmod
    __2printf.o(.text) refers to _printf_char_file.o(.text) for _printf_char_file
    __2printf.o(.text) refers to usart.o(.data) for __stdout
    noretval__2printf.o(.text) refers to _printf_char_file.o(.text) for _printf_char_file
    noretval__2printf.o(.text) refers to usart.o(.data) for __stdout
    __printf.o(.text) refers to _printf_percent.o(.ARM.Collect$$_printf_percent$$00000000) for _printf_percent
    _printf_str.o(.text) refers (Special) to _printf_char.o(.text) for _printf_cs_common
    _printf_str.o(.text) refers (Weak) to _printf_pad.o(.text) for _printf_pre_padding
    _printf_str.o(.text) refers (Weak) to _printf_pad.o(.text) for _printf_post_padding
    _printf_dec.o(.text) refers to _printf_intcommon.o(.text) for _printf_int_common
    _printf_hex_ll.o(.text) refers to _printf_intcommon.o(.text) for _printf_int_common
    _printf_hex_ll.o(.text) refers to _printf_hex_ll.o(.constdata) for .constdata
    _printf_hex_int.o(.text) refers to _printf_intcommon.o(.text) for _printf_int_common
    _printf_hex_int.o(.text) refers to _printf_hex_int.o(.constdata) for .constdata
    _printf_hex_int_ll.o(.text) refers to _printf_intcommon.o(.text) for _printf_int_common
    _printf_hex_int_ll.o(.text) refers to _printf_hex_int_ll.o(.constdata) for .constdata
    _printf_hex_ptr.o(.text) refers to _printf_intcommon.o(.text) for _printf_int_common
    _printf_hex_ptr.o(.text) refers to _printf_hex_ptr.o(.constdata) for .constdata
    _printf_hex_int_ptr.o(.text) refers to _printf_intcommon.o(.text) for _printf_int_common
    _printf_hex_int_ptr.o(.text) refers to _printf_hex_int_ptr.o(.constdata) for .constdata
    _printf_hex_ll_ptr.o(.text) refers to _printf_intcommon.o(.text) for _printf_int_common
    _printf_hex_ll_ptr.o(.text) refers to _printf_hex_ll_ptr.o(.constdata) for .constdata
    _printf_hex_int_ll_ptr.o(.text) refers to _printf_intcommon.o(.text) for _printf_int_common
    _printf_hex_int_ll_ptr.o(.text) refers to _printf_hex_int_ll_ptr.o(.constdata) for .constdata
    __printf_flags.o(.text) refers to _printf_percent.o(.ARM.Collect$$_printf_percent$$00000000) for _printf_percent
    __printf_flags.o(.text) refers to __printf_flags.o(.constdata) for .constdata
    __printf_ss.o(.text) refers to _printf_percent.o(.ARM.Collect$$_printf_percent$$00000000) for _printf_percent
    __printf_flags_ss.o(.text) refers to _printf_percent.o(.ARM.Collect$$_printf_percent$$00000000) for _printf_percent
    __printf_flags_ss.o(.text) refers to __printf_flags_ss.o(.constdata) for .constdata
    __printf_wp.o(.text) refers to __printf_wp.o(i._is_digit) for _is_digit
    __printf_wp.o(.text) refers to _printf_percent.o(.ARM.Collect$$_printf_percent$$00000000) for _printf_percent
    __printf_flags_wp.o(.text) refers to __printf_wp.o(i._is_digit) for _is_digit
    __printf_flags_wp.o(.text) refers to _printf_percent.o(.ARM.Collect$$_printf_percent$$00000000) for _printf_percent
    __printf_flags_wp.o(.text) refers to __printf_flags_wp.o(.constdata) for .constdata
    __printf_ss_wp.o(.text) refers to __printf_wp.o(i._is_digit) for _is_digit
    __printf_ss_wp.o(.text) refers to _printf_percent.o(.ARM.Collect$$_printf_percent$$00000000) for _printf_percent
    __printf_flags_ss_wp.o(.text) refers to __printf_wp.o(i._is_digit) for _is_digit
    __printf_flags_ss_wp.o(.text) refers to _printf_percent.o(.ARM.Collect$$_printf_percent$$00000000) for _printf_percent
    __printf_flags_ss_wp.o(.text) refers to __printf_flags_ss_wp.o(.constdata) for .constdata
    _printf_s.o(.ARM.Collect$$_printf_percent$$00000014) refers (Weak) to _printf_char.o(.text) for _printf_string
    _printf_x.o(.ARM.Collect$$_printf_percent$$0000000C) refers (Weak) to _printf_hex_int.o(.text) for _printf_int_hex
    _printf_d.o(.ARM.Collect$$_printf_percent$$00000009) refers (Weak) to _printf_dec.o(.text) for _printf_int_dec
    _printf_percent.o(.ARM.Collect$$_printf_percent$$00000000) refers (Special) to _printf_percent_end.o(.ARM.Collect$$_printf_percent$$00000017) for _printf_percent_end
    rt_memcpy_v6.o(.text) refers to rt_memcpy_w.o(.text) for __aeabi_memcpy4
    aeabi_memset.o(.text) refers to rt_memclr.o(.text) for _memset
    rt_memclr.o(.text) refers to rt_memclr_w.o(.text) for _memset_w
    __main.o(!!!main) refers to __rtentry.o(.ARM.Collect$$rtentry$$00000000) for __rt_entry
    d2f.o(x$fpl$d2f) refers (Special) to usenofp.o(x$fpl$usenofp) for __I$use$fp
    d2f.o(x$fpl$d2f) refers to fretinf.o(x$fpl$fretinf) for __fpl_fretinf
    d2f.o(x$fpl$d2f) refers to dnaninf.o(x$fpl$dnaninf) for __fpl_dnaninf
    daddsub_clz.o(x$fpl$dadd) refers (Special) to usenofp.o(x$fpl$usenofp) for __I$use$fp
    daddsub_clz.o(x$fpl$dadd) refers to daddsub_clz.o(x$fpl$dsub) for _dsub1
    daddsub_clz.o(x$fpl$dadd) refers to dretinf.o(x$fpl$dretinf) for __fpl_dretinf
    daddsub_clz.o(x$fpl$dadd) refers to dnaninf.o(x$fpl$dnaninf) for __fpl_dnaninf
    daddsub_clz.o(x$fpl$drsb) refers (Special) to usenofp.o(x$fpl$usenofp) for __I$use$fp
    daddsub_clz.o(x$fpl$drsb) refers to daddsub_clz.o(x$fpl$dadd) for _dadd1
    daddsub_clz.o(x$fpl$drsb) refers to daddsub_clz.o(x$fpl$dsub) for _dsub1
    daddsub_clz.o(x$fpl$dsub) refers (Special) to usenofp.o(x$fpl$usenofp) for __I$use$fp
    daddsub_clz.o(x$fpl$dsub) refers to daddsub_clz.o(x$fpl$dadd) for _dadd1
    daddsub_clz.o(x$fpl$dsub) refers to dnaninf.o(x$fpl$dnaninf) for __fpl_dnaninf
    ddiv.o(x$fpl$drdiv) refers (Special) to usenofp.o(x$fpl$usenofp) for __I$use$fp
    ddiv.o(x$fpl$drdiv) refers to ddiv.o(x$fpl$ddiv) for ddiv_entry
    ddiv.o(x$fpl$ddiv) refers (Special) to usenofp.o(x$fpl$usenofp) for __I$use$fp
    ddiv.o(x$fpl$ddiv) refers to dretinf.o(x$fpl$dretinf) for __fpl_dretinf
    ddiv.o(x$fpl$ddiv) refers to dnaninf.o(x$fpl$dnaninf) for __fpl_dnaninf
    dfix.o(x$fpl$dfix) refers (Special) to usenofp.o(x$fpl$usenofp) for __I$use$fp
    dfix.o(x$fpl$dfix) refers to dnaninf.o(x$fpl$dnaninf) for __fpl_dnaninf
    dfix.o(x$fpl$dfixr) refers (Special) to usenofp.o(x$fpl$usenofp) for __I$use$fp
    dfix.o(x$fpl$dfixr) refers to dnaninf.o(x$fpl$dnaninf) for __fpl_dnaninf
    dflt_clz.o(x$fpl$dfltu) refers (Special) to usenofp.o(x$fpl$usenofp) for __I$use$fp
    dflt_clz.o(x$fpl$dflt) refers (Special) to usenofp.o(x$fpl$usenofp) for __I$use$fp
    dflt_clz.o(x$fpl$dfltn) refers (Special) to usenofp.o(x$fpl$usenofp) for __I$use$fp
    dmul.o(x$fpl$dmul) refers (Special) to usenofp.o(x$fpl$usenofp) for __I$use$fp
    dmul.o(x$fpl$dmul) refers to dretinf.o(x$fpl$dretinf) for __fpl_dretinf
    dmul.o(x$fpl$dmul) refers to dnaninf.o(x$fpl$dnaninf) for __fpl_dnaninf
    f2d.o(x$fpl$f2d) refers (Special) to usenofp.o(x$fpl$usenofp) for __I$use$fp
    f2d.o(x$fpl$f2d) refers to fnaninf.o(x$fpl$fnaninf) for __fpl_fnaninf
    f2d.o(x$fpl$f2d) refers to dretinf.o(x$fpl$dretinf) for __fpl_dretinf
    ffltll_clz.o(x$fpl$ffltll) refers (Special) to usenofp.o(x$fpl$usenofp) for __I$use$fp
    atan.o(i.__hardfp_atan) refers (Special) to usenofp.o(x$fpl$usenofp) for __I$use$fp
    atan.o(i.__hardfp_atan) refers to dunder.o(i.__mathlib_dbl_infnan) for __mathlib_dbl_infnan
    atan.o(i.__hardfp_atan) refers to fpclassify.o(i.__ARM_fpclassify) for __ARM_fpclassify
    atan.o(i.__hardfp_atan) refers to dunder.o(i.__mathlib_dbl_underflow) for __mathlib_dbl_underflow
    atan.o(i.__hardfp_atan) refers to fabs.o(i.fabs) for fabs
    atan.o(i.__hardfp_atan) refers to daddsub_clz.o(x$fpl$dadd) for __aeabi_dadd
    atan.o(i.__hardfp_atan) refers to dmul.o(x$fpl$dmul) for __aeabi_dmul
    atan.o(i.__hardfp_atan) refers to daddsub_clz.o(x$fpl$dsub) for __aeabi_dsub
    atan.o(i.__hardfp_atan) refers to ddiv.o(x$fpl$ddiv) for __aeabi_ddiv
    atan.o(i.__hardfp_atan) refers to poly.o(i.__kernel_poly) for __kernel_poly
    atan.o(i.__hardfp_atan) refers to daddsub_clz.o(x$fpl$drsb) for __aeabi_drsub
    atan.o(i.__hardfp_atan) refers to basic.o(x$fpl$basic) for __aeabi_dneg
    atan.o(i.__hardfp_atan) refers to atan.o(.constdata) for .constdata
    atan.o(i.__softfp_atan) refers (Special) to usenofp.o(x$fpl$usenofp) for __I$use$fp
    atan.o(i.__softfp_atan) refers to atan.o(i.__hardfp_atan) for __hardfp_atan
    atan.o(i.atan) refers (Special) to usenofp.o(x$fpl$usenofp) for __I$use$fp
    atan.o(i.atan) refers to atan.o(i.__hardfp_atan) for __hardfp_atan
    atan.o(.constdata) refers (Special) to usenofp.o(x$fpl$usenofp) for __I$use$fp
    atan_x.o(i.____hardfp_atan$lsc) refers (Special) to usenofp.o(x$fpl$usenofp) for __I$use$fp
    atan_x.o(i.____hardfp_atan$lsc) refers to dunder.o(i.__mathlib_dbl_infnan) for __mathlib_dbl_infnan
    atan_x.o(i.____hardfp_atan$lsc) refers to fabs.o(i.fabs) for fabs
    atan_x.o(i.____hardfp_atan$lsc) refers to daddsub_clz.o(x$fpl$dadd) for __aeabi_dadd
    atan_x.o(i.____hardfp_atan$lsc) refers to dmul.o(x$fpl$dmul) for __aeabi_dmul
    atan_x.o(i.____hardfp_atan$lsc) refers to daddsub_clz.o(x$fpl$dsub) for __aeabi_dsub
    atan_x.o(i.____hardfp_atan$lsc) refers to ddiv.o(x$fpl$ddiv) for __aeabi_ddiv
    atan_x.o(i.____hardfp_atan$lsc) refers to poly.o(i.__kernel_poly) for __kernel_poly
    atan_x.o(i.____hardfp_atan$lsc) refers to daddsub_clz.o(x$fpl$drsb) for __aeabi_drsub
    atan_x.o(i.____hardfp_atan$lsc) refers to basic.o(x$fpl$basic) for __aeabi_dneg
    atan_x.o(i.____hardfp_atan$lsc) refers to atan_x.o(.constdata) for .constdata
    atan_x.o(i.____softfp_atan$lsc) refers (Special) to usenofp.o(x$fpl$usenofp) for __I$use$fp
    atan_x.o(i.____softfp_atan$lsc) refers to atan_x.o(i.____hardfp_atan$lsc) for ____hardfp_atan$lsc
    atan_x.o(i.__atan$lsc) refers (Special) to usenofp.o(x$fpl$usenofp) for __I$use$fp
    atan_x.o(i.__atan$lsc) refers to atan_x.o(i.____hardfp_atan$lsc) for ____hardfp_atan$lsc
    atan_x.o(.constdata) refers (Special) to usenofp.o(x$fpl$usenofp) for __I$use$fp
    atan2.o(i.__hardfp_atan2) refers (Special) to usenofp.o(x$fpl$usenofp) for __I$use$fp
    atan2.o(i.__hardfp_atan2) refers to dunder.o(i.__mathlib_dbl_infnan2) for __mathlib_dbl_infnan2
    atan2.o(i.__hardfp_atan2) refers to atan.o(i.atan) for atan
    atan2.o(i.__hardfp_atan2) refers to basic.o(x$fpl$basic) for __aeabi_dneg
    atan2.o(i.__hardfp_atan2) refers to ddiv.o(x$fpl$ddiv) for __aeabi_ddiv
    atan2.o(i.__hardfp_atan2) refers to fabs.o(i.fabs) for fabs
    atan2.o(i.__hardfp_atan2) refers to daddsub_clz.o(x$fpl$dsub) for __aeabi_dsub
    atan2.o(i.__hardfp_atan2) refers to daddsub_clz.o(x$fpl$drsb) for __aeabi_drsub
    atan2.o(i.__hardfp_atan2) refers to qnan.o(.constdata) for __mathlib_zero
    atan2.o(i.__softfp_atan2) refers (Special) to usenofp.o(x$fpl$usenofp) for __I$use$fp
    atan2.o(i.__softfp_atan2) refers to atan2.o(i.__hardfp_atan2) for __hardfp_atan2
    atan2.o(i.atan2) refers (Special) to usenofp.o(x$fpl$usenofp) for __I$use$fp
    atan2.o(i.atan2) refers to atan2.o(i.__hardfp_atan2) for __hardfp_atan2
    atan2_x.o(i.____hardfp_atan2$lsc) refers (Special) to usenofp.o(x$fpl$usenofp) for __I$use$fp
    atan2_x.o(i.____hardfp_atan2$lsc) refers to dunder.o(i.__mathlib_dbl_infnan2) for __mathlib_dbl_infnan2
    atan2_x.o(i.____hardfp_atan2$lsc) refers to atan.o(i.atan) for atan
    atan2_x.o(i.____hardfp_atan2$lsc) refers to _rserrno.o(.text) for __set_errno
    atan2_x.o(i.____hardfp_atan2$lsc) refers to basic.o(x$fpl$basic) for __aeabi_dneg
    atan2_x.o(i.____hardfp_atan2$lsc) refers to ddiv.o(x$fpl$ddiv) for __aeabi_ddiv
    atan2_x.o(i.____hardfp_atan2$lsc) refers to fabs.o(i.fabs) for fabs
    atan2_x.o(i.____hardfp_atan2$lsc) refers to daddsub_clz.o(x$fpl$dsub) for __aeabi_dsub
    atan2_x.o(i.____hardfp_atan2$lsc) refers to daddsub_clz.o(x$fpl$drsb) for __aeabi_drsub
    atan2_x.o(i.____hardfp_atan2$lsc) refers to qnan.o(.constdata) for __mathlib_zero
    atan2_x.o(i.____softfp_atan2$lsc) refers (Special) to usenofp.o(x$fpl$usenofp) for __I$use$fp
    atan2_x.o(i.____softfp_atan2$lsc) refers to atan2_x.o(i.____hardfp_atan2$lsc) for ____hardfp_atan2$lsc
    atan2_x.o(i.__atan2$lsc) refers (Special) to usenofp.o(x$fpl$usenofp) for __I$use$fp
    atan2_x.o(i.__atan2$lsc) refers to atan2_x.o(i.____hardfp_atan2$lsc) for ____hardfp_atan2$lsc
    atan2f.o(i.__hardfp_atan2f) refers (Special) to usenofp.o(x$fpl$usenofp) for __I$use$fp
    atan2f.o(i.__hardfp_atan2f) refers to fpclassifyf.o(i.__ARM_fpclassifyf) for __ARM_fpclassifyf
    atan2f.o(i.__hardfp_atan2f) refers to funder.o(i.__mathlib_flt_underflow) for __mathlib_flt_underflow
    atan2f.o(i.__hardfp_atan2f) refers to funder.o(i.__mathlib_flt_infnan2) for __mathlib_flt_infnan2
    atan2f.o(i.__softfp_atan2f) refers (Special) to usenofp.o(x$fpl$usenofp) for __I$use$fp
    atan2f.o(i.__softfp_atan2f) refers to atan2f.o(i.__hardfp_atan2f) for __hardfp_atan2f
    atan2f.o(i.atan2f) refers (Special) to usenofp.o(x$fpl$usenofp) for __I$use$fp
    atan2f.o(i.atan2f) refers to atan2f.o(i.__hardfp_atan2f) for __hardfp_atan2f
    atan2f_x.o(i.____hardfp_atan2f$lsc) refers (Special) to usenofp.o(x$fpl$usenofp) for __I$use$fp
    atan2f_x.o(i.____hardfp_atan2f$lsc) refers to funder.o(i.__mathlib_flt_infnan2) for __mathlib_flt_infnan2
    atan2f_x.o(i.____hardfp_atan2f$lsc) refers to _rserrno.o(.text) for __set_errno
    atan2f_x.o(i.____softfp_atan2f$lsc) refers (Special) to usenofp.o(x$fpl$usenofp) for __I$use$fp
    atan2f_x.o(i.____softfp_atan2f$lsc) refers to atan2f_x.o(i.____hardfp_atan2f$lsc) for ____hardfp_atan2f$lsc
    atan2f_x.o(i.__atan2f$lsc) refers (Special) to usenofp.o(x$fpl$usenofp) for __I$use$fp
    atan2f_x.o(i.__atan2f$lsc) refers to atan2f_x.o(i.____hardfp_atan2f$lsc) for ____hardfp_atan2f$lsc
    cosf.o(i.__hardfp_cosf) refers (Special) to usenofp.o(x$fpl$usenofp) for __I$use$fp
    cosf.o(i.__hardfp_cosf) refers to rredf.o(i.__mathlib_rredf2) for __mathlib_rredf2
    cosf.o(i.__hardfp_cosf) refers to _rserrno.o(.text) for __set_errno
    cosf.o(i.__hardfp_cosf) refers to funder.o(i.__mathlib_flt_invalid) for __mathlib_flt_invalid
    cosf.o(i.__hardfp_cosf) refers to funder.o(i.__mathlib_flt_infnan) for __mathlib_flt_infnan
    cosf.o(i.__softfp_cosf) refers (Special) to usenofp.o(x$fpl$usenofp) for __I$use$fp
    cosf.o(i.__softfp_cosf) refers to cosf.o(i.__hardfp_cosf) for __hardfp_cosf
    cosf.o(i.cosf) refers (Special) to usenofp.o(x$fpl$usenofp) for __I$use$fp
    cosf.o(i.cosf) refers to cosf.o(i.__hardfp_cosf) for __hardfp_cosf
    cosf_x.o(i.____hardfp_cosf$lsc) refers (Special) to usenofp.o(x$fpl$usenofp) for __I$use$fp
    cosf_x.o(i.____hardfp_cosf$lsc) refers to rredf.o(i.__mathlib_rredf2) for __mathlib_rredf2
    cosf_x.o(i.____hardfp_cosf$lsc) refers to _rserrno.o(.text) for __set_errno
    cosf_x.o(i.____hardfp_cosf$lsc) refers to funder.o(i.__mathlib_flt_infnan) for __mathlib_flt_infnan
    cosf_x.o(i.____softfp_cosf$lsc) refers (Special) to usenofp.o(x$fpl$usenofp) for __I$use$fp
    cosf_x.o(i.____softfp_cosf$lsc) refers to cosf_x.o(i.____hardfp_cosf$lsc) for ____hardfp_cosf$lsc
    cosf_x.o(i.__cosf$lsc) refers (Special) to usenofp.o(x$fpl$usenofp) for __I$use$fp
    cosf_x.o(i.__cosf$lsc) refers to cosf_x.o(i.____hardfp_cosf$lsc) for ____hardfp_cosf$lsc
    pow.o(i.__hardfp_pow) refers (Special) to usenofp.o(x$fpl$usenofp) for __I$use$fp
    pow.o(i.__hardfp_pow) refers to dunder.o(i.__mathlib_dbl_infnan2) for __mathlib_dbl_infnan2
    pow.o(i.__hardfp_pow) refers to _rserrno.o(.text) for __set_errno
    pow.o(i.__hardfp_pow) refers to dunder.o(i.__mathlib_dbl_divzero) for __mathlib_dbl_divzero
    pow.o(i.__hardfp_pow) refers to basic.o(x$fpl$basic) for __aeabi_dneg
    pow.o(i.__hardfp_pow) refers to dunder.o(i.__mathlib_dbl_overflow) for __mathlib_dbl_overflow
    pow.o(i.__hardfp_pow) refers to ddiv.o(x$fpl$ddiv) for __aeabi_ddiv
    pow.o(i.__hardfp_pow) refers to sqrt.o(i.sqrt) for sqrt
    pow.o(i.__hardfp_pow) refers to fabs.o(i.fabs) for fabs
    pow.o(i.__hardfp_pow) refers to dflt_clz.o(x$fpl$dflt) for __aeabi_i2d
    pow.o(i.__hardfp_pow) refers to dunder.o(i.__mathlib_dbl_invalid) for __mathlib_dbl_invalid
    pow.o(i.__hardfp_pow) refers to dmul.o(x$fpl$dmul) for __aeabi_dmul
    pow.o(i.__hardfp_pow) refers to dunder.o(i.__mathlib_dbl_underflow) for __mathlib_dbl_underflow
    pow.o(i.__hardfp_pow) refers to daddsub_clz.o(x$fpl$dsub) for __aeabi_dsub
    pow.o(i.__hardfp_pow) refers to daddsub_clz.o(x$fpl$drsb) for __aeabi_drsub
    pow.o(i.__hardfp_pow) refers to qnan.o(.constdata) for __mathlib_zero
    pow.o(i.__hardfp_pow) refers to daddsub_clz.o(x$fpl$dadd) for __aeabi_dadd
    pow.o(i.__hardfp_pow) refers to poly.o(i.__kernel_poly) for __kernel_poly
    pow.o(i.__hardfp_pow) refers to pow.o(.constdata) for .constdata
    pow.o(i.__hardfp_pow) refers to drleqf.o(x$fpl$drleqf) for __aeabi_cdrcmple
    pow.o(i.__hardfp_pow) refers to scalbn.o(x$fpl$scalbn) for __ARM_scalbn
    pow.o(i.__hardfp_pow) refers to fpclassify.o(i.__ARM_fpclassify) for __ARM_fpclassify
    pow.o(i.__softfp_pow) refers (Special) to usenofp.o(x$fpl$usenofp) for __I$use$fp
    pow.o(i.__softfp_pow) refers to pow.o(i.__hardfp_pow) for __hardfp_pow
    pow.o(i.pow) refers (Special) to usenofp.o(x$fpl$usenofp) for __I$use$fp
    pow.o(i.pow) refers to pow.o(i.__hardfp_pow) for __hardfp_pow
    pow.o(.constdata) refers (Special) to usenofp.o(x$fpl$usenofp) for __I$use$fp
    pow_x.o(i.____hardfp_pow$lsc) refers (Special) to usenofp.o(x$fpl$usenofp) for __I$use$fp
    pow_x.o(i.____hardfp_pow$lsc) refers to dunder.o(i.__mathlib_dbl_infnan2) for __mathlib_dbl_infnan2
    pow_x.o(i.____hardfp_pow$lsc) refers to _rserrno.o(.text) for __set_errno
    pow_x.o(i.____hardfp_pow$lsc) refers to basic.o(x$fpl$basic) for __aeabi_dneg
    pow_x.o(i.____hardfp_pow$lsc) refers to ddiv.o(x$fpl$ddiv) for __aeabi_ddiv
    pow_x.o(i.____hardfp_pow$lsc) refers to sqrt.o(i.sqrt) for sqrt
    pow_x.o(i.____hardfp_pow$lsc) refers to fabs.o(i.fabs) for fabs
    pow_x.o(i.____hardfp_pow$lsc) refers to dflt_clz.o(x$fpl$dflt) for __aeabi_i2d
    pow_x.o(i.____hardfp_pow$lsc) refers to dmul.o(x$fpl$dmul) for __aeabi_dmul
    pow_x.o(i.____hardfp_pow$lsc) refers to daddsub_clz.o(x$fpl$dsub) for __aeabi_dsub
    pow_x.o(i.____hardfp_pow$lsc) refers to daddsub_clz.o(x$fpl$drsb) for __aeabi_drsub
    pow_x.o(i.____hardfp_pow$lsc) refers to qnan.o(.constdata) for __mathlib_zero
    pow_x.o(i.____hardfp_pow$lsc) refers to daddsub_clz.o(x$fpl$dadd) for __aeabi_dadd
    pow_x.o(i.____hardfp_pow$lsc) refers to poly.o(i.__kernel_poly) for __kernel_poly
    pow_x.o(i.____hardfp_pow$lsc) refers to pow_x.o(.constdata) for .constdata
    pow_x.o(i.____hardfp_pow$lsc) refers to drleqf.o(x$fpl$drleqf) for __aeabi_cdrcmple
    pow_x.o(i.____hardfp_pow$lsc) refers to scalbn.o(x$fpl$scalbn) for __ARM_scalbn
    pow_x.o(i.____softfp_pow$lsc) refers (Special) to usenofp.o(x$fpl$usenofp) for __I$use$fp
    pow_x.o(i.____softfp_pow$lsc) refers to pow_x.o(i.____hardfp_pow$lsc) for ____hardfp_pow$lsc
    pow_x.o(i.__pow$lsc) refers (Special) to usenofp.o(x$fpl$usenofp) for __I$use$fp
    pow_x.o(i.__pow$lsc) refers to pow_x.o(i.____hardfp_pow$lsc) for ____hardfp_pow$lsc
    pow_x.o(.constdata) refers (Special) to usenofp.o(x$fpl$usenofp) for __I$use$fp
    sinf.o(i.__hardfp_sinf) refers (Special) to usenofp.o(x$fpl$usenofp) for __I$use$fp
    sinf.o(i.__hardfp_sinf) refers to rredf.o(i.__mathlib_rredf2) for __mathlib_rredf2
    sinf.o(i.__hardfp_sinf) refers to fpclassifyf.o(i.__ARM_fpclassifyf) for __ARM_fpclassifyf
    sinf.o(i.__hardfp_sinf) refers to funder.o(i.__mathlib_flt_underflow) for __mathlib_flt_underflow
    sinf.o(i.__hardfp_sinf) refers to _rserrno.o(.text) for __set_errno
    sinf.o(i.__hardfp_sinf) refers to funder.o(i.__mathlib_flt_invalid) for __mathlib_flt_invalid
    sinf.o(i.__hardfp_sinf) refers to funder.o(i.__mathlib_flt_infnan) for __mathlib_flt_infnan
    sinf.o(i.__softfp_sinf) refers (Special) to usenofp.o(x$fpl$usenofp) for __I$use$fp
    sinf.o(i.__softfp_sinf) refers to sinf.o(i.__hardfp_sinf) for __hardfp_sinf
    sinf.o(i.sinf) refers (Special) to usenofp.o(x$fpl$usenofp) for __I$use$fp
    sinf.o(i.sinf) refers to sinf.o(i.__hardfp_sinf) for __hardfp_sinf
    sinf_x.o(i.____hardfp_sinf$lsc) refers (Special) to usenofp.o(x$fpl$usenofp) for __I$use$fp
    sinf_x.o(i.____hardfp_sinf$lsc) refers to rredf.o(i.__mathlib_rredf2) for __mathlib_rredf2
    sinf_x.o(i.____hardfp_sinf$lsc) refers to _rserrno.o(.text) for __set_errno
    sinf_x.o(i.____hardfp_sinf$lsc) refers to funder.o(i.__mathlib_flt_infnan) for __mathlib_flt_infnan
    sinf_x.o(i.____softfp_sinf$lsc) refers (Special) to usenofp.o(x$fpl$usenofp) for __I$use$fp
    sinf_x.o(i.____softfp_sinf$lsc) refers to sinf_x.o(i.____hardfp_sinf$lsc) for ____hardfp_sinf$lsc
    sinf_x.o(i.__sinf$lsc) refers (Special) to usenofp.o(x$fpl$usenofp) for __I$use$fp
    sinf_x.o(i.__sinf$lsc) refers to sinf_x.o(i.____hardfp_sinf$lsc) for ____hardfp_sinf$lsc
    sqrt.o(i.__hardfp_sqrt) refers (Special) to usenofp.o(x$fpl$usenofp) for __I$use$fp
    sqrt.o(i.__hardfp_sqrt) refers to dsqrt_umaal.o(x$fpl$dsqrt) for _dsqrt
    sqrt.o(i.__hardfp_sqrt) refers to _rserrno.o(.text) for __set_errno
    sqrt.o(i.__softfp_sqrt) refers (Special) to usenofp.o(x$fpl$usenofp) for __I$use$fp
    sqrt.o(i.__softfp_sqrt) refers to dsqrt_umaal.o(x$fpl$dsqrt) for _dsqrt
    sqrt.o(i.__softfp_sqrt) refers to _rserrno.o(.text) for __set_errno
    sqrt.o(i.sqrt) refers (Special) to usenofp.o(x$fpl$usenofp) for __I$use$fp
    sqrt.o(i.sqrt) refers to dsqrt_umaal.o(x$fpl$dsqrt) for _dsqrt
    sqrt.o(i.sqrt) refers to _rserrno.o(.text) for __set_errno
    sqrt_x.o(i.____hardfp_sqrt$lsc) refers (Special) to usenofp.o(x$fpl$usenofp) for __I$use$fp
    sqrt_x.o(i.____hardfp_sqrt$lsc) refers to dleqf.o(x$fpl$dleqf) for __aeabi_cdcmple
    sqrt_x.o(i.____hardfp_sqrt$lsc) refers to _rserrno.o(.text) for __set_errno
    sqrt_x.o(i.____hardfp_sqrt$lsc) refers to dsqrt_umaal.o(x$fpl$dsqrt) for _dsqrt
    sqrt_x.o(i.____softfp_sqrt$lsc) refers (Special) to usenofp.o(x$fpl$usenofp) for __I$use$fp
    sqrt_x.o(i.____softfp_sqrt$lsc) refers to dleqf.o(x$fpl$dleqf) for __aeabi_cdcmple
    sqrt_x.o(i.____softfp_sqrt$lsc) refers to _rserrno.o(.text) for __set_errno
    sqrt_x.o(i.____softfp_sqrt$lsc) refers to dsqrt_umaal.o(x$fpl$dsqrt) for _dsqrt
    sqrt_x.o(i.__sqrt$lsc) refers (Special) to usenofp.o(x$fpl$usenofp) for __I$use$fp
    sqrt_x.o(i.__sqrt$lsc) refers to dleqf.o(x$fpl$dleqf) for __aeabi_cdcmple
    sqrt_x.o(i.__sqrt$lsc) refers to _rserrno.o(.text) for __set_errno
    sqrt_x.o(i.__sqrt$lsc) refers to dsqrt_umaal.o(x$fpl$dsqrt) for _dsqrt
    tanf.o(i.__hardfp_tanf) refers (Special) to usenofp.o(x$fpl$usenofp) for __I$use$fp
    tanf.o(i.__hardfp_tanf) refers to rredf.o(i.__mathlib_rredf2) for __mathlib_rredf2
    tanf.o(i.__hardfp_tanf) refers to fpclassifyf.o(i.__ARM_fpclassifyf) for __ARM_fpclassifyf
    tanf.o(i.__hardfp_tanf) refers to funder.o(i.__mathlib_flt_underflow) for __mathlib_flt_underflow
    tanf.o(i.__hardfp_tanf) refers to _rserrno.o(.text) for __set_errno
    tanf.o(i.__hardfp_tanf) refers to funder.o(i.__mathlib_flt_invalid) for __mathlib_flt_invalid
    tanf.o(i.__hardfp_tanf) refers to funder.o(i.__mathlib_flt_infnan) for __mathlib_flt_infnan
    tanf.o(i.__softfp_tanf) refers (Special) to usenofp.o(x$fpl$usenofp) for __I$use$fp
    tanf.o(i.__softfp_tanf) refers to tanf.o(i.__hardfp_tanf) for __hardfp_tanf
    tanf.o(i.tanf) refers (Special) to usenofp.o(x$fpl$usenofp) for __I$use$fp
    tanf.o(i.tanf) refers to tanf.o(i.__hardfp_tanf) for __hardfp_tanf
    tanf_x.o(i.____hardfp_tanf$lsc) refers (Special) to usenofp.o(x$fpl$usenofp) for __I$use$fp
    tanf_x.o(i.____hardfp_tanf$lsc) refers to rredf.o(i.__mathlib_rredf2) for __mathlib_rredf2
    tanf_x.o(i.____hardfp_tanf$lsc) refers to _rserrno.o(.text) for __set_errno
    tanf_x.o(i.____hardfp_tanf$lsc) refers to funder.o(i.__mathlib_flt_infnan) for __mathlib_flt_infnan
    tanf_x.o(i.____softfp_tanf$lsc) refers (Special) to usenofp.o(x$fpl$usenofp) for __I$use$fp
    tanf_x.o(i.____softfp_tanf$lsc) refers to tanf_x.o(i.____hardfp_tanf$lsc) for ____hardfp_tanf$lsc
    tanf_x.o(i.__tanf$lsc) refers (Special) to usenofp.o(x$fpl$usenofp) for __I$use$fp
    tanf_x.o(i.__tanf$lsc) refers to tanf_x.o(i.____hardfp_tanf$lsc) for ____hardfp_tanf$lsc
    __rtentry.o(.ARM.Collect$$rtentry$$00000000) refers (Special) to __rtentry2.o(.ARM.Collect$$rtentry$$0000000A) for __rt_entry_li
    __rtentry.o(.ARM.Collect$$rtentry$$00000000) refers (Special) to __rtentry2.o(.ARM.Collect$$rtentry$$0000000D) for __rt_entry_main
    __rtentry.o(.ARM.Collect$$rtentry$$00000000) refers (Special) to __rtentry2.o(.ARM.Collect$$rtentry$$0000000C) for __rt_entry_postli_1
    __rtentry.o(.ARM.Collect$$rtentry$$00000000) refers (Special) to __rtentry2.o(.ARM.Collect$$rtentry$$00000009) for __rt_entry_postsh_1
    __rtentry.o(.ARM.Collect$$rtentry$$00000000) refers (Special) to __rtentry2.o(.ARM.Collect$$rtentry$$00000002) for __rt_entry_presh_1
    __rtentry.o(.ARM.Collect$$rtentry$$00000000) refers (Special) to __rtentry4.o(.ARM.Collect$$rtentry$$00000004) for __rt_entry_sh
    _rserrno.o(.text) refers to rt_errno_addr_intlibspace.o(.text) for __aeabi_errno_addr
    _printf_intcommon.o(.text) refers (Weak) to _printf_pad.o(.text) for _printf_pre_padding
    _printf_intcommon.o(.text) refers (Weak) to _printf_pad.o(.text) for _printf_pre_padding
    _printf_intcommon.o(.text) refers (Weak) to _printf_pad.o(.text) for _printf_post_padding
    _printf_char.o(.text) refers (Weak) to _printf_str.o(.text) for _printf_str
    _printf_char_file.o(.text) refers to _printf_char_common.o(.text) for _printf_char_common
    _printf_char_file.o(.text) refers to ferror.o(.text) for ferror
    _printf_char_file.o(.text) refers to usart.o(.text) for fputc
    basic.o(x$fpl$basic) refers (Special) to usenofp.o(x$fpl$usenofp) for __I$use$fp
    dleqf.o(x$fpl$dleqf) refers (Special) to usenofp.o(x$fpl$usenofp) for __I$use$fp
    dleqf.o(x$fpl$dleqf) refers to dnaninf.o(x$fpl$dnaninf) for __fpl_dnaninf
    dleqf.o(x$fpl$dleqf) refers to dcmpi.o(x$fpl$dcmpinf) for __fpl_dcmp_Inf
    dnaninf.o(x$fpl$dnaninf) refers (Special) to usenofp.o(x$fpl$usenofp) for __I$use$fp
    dretinf.o(x$fpl$dretinf) refers (Special) to usenofp.o(x$fpl$usenofp) for __I$use$fp
    drleqf.o(x$fpl$drleqf) refers (Special) to usenofp.o(x$fpl$usenofp) for __I$use$fp
    drleqf.o(x$fpl$drleqf) refers to dleqf.o(x$fpl$dleqf) for __fpl_dcmple_InfNaN
    dsqrt_umaal.o(x$fpl$dsqrt) refers (Special) to usenofp.o(x$fpl$usenofp) for __I$use$fp
    dsqrt_umaal.o(x$fpl$dsqrt) refers to dnaninf.o(x$fpl$dnaninf) for __fpl_dnaninf
    fnaninf.o(x$fpl$fnaninf) refers (Special) to usenofp.o(x$fpl$usenofp) for __I$use$fp
    fretinf.o(x$fpl$fretinf) refers (Special) to usenofp.o(x$fpl$usenofp) for __I$use$fp
    scalbn.o(x$fpl$scalbn) refers (Special) to usenofp.o(x$fpl$usenofp) for __I$use$fp
    scalbn.o(x$fpl$scalbn) refers to dcheck1.o(x$fpl$dcheck1) for __fpl_dcheck_NaN1
    dunder.o(i.__mathlib_dbl_divzero) refers to ddiv.o(x$fpl$ddiv) for __aeabi_ddiv
    dunder.o(i.__mathlib_dbl_infnan) refers to daddsub_clz.o(x$fpl$dadd) for __aeabi_dadd
    dunder.o(i.__mathlib_dbl_infnan2) refers to daddsub_clz.o(x$fpl$dadd) for __aeabi_dadd
    dunder.o(i.__mathlib_dbl_invalid) refers to ddiv.o(x$fpl$ddiv) for __aeabi_ddiv
    dunder.o(i.__mathlib_dbl_overflow) refers to dmul.o(x$fpl$dmul) for __aeabi_dmul
    dunder.o(i.__mathlib_dbl_posinfnan) refers to dmul.o(x$fpl$dmul) for __aeabi_dmul
    dunder.o(i.__mathlib_dbl_underflow) refers to dmul.o(x$fpl$dmul) for __aeabi_dmul
    fabs.o(i.__hardfp_fabs) refers (Special) to usenofp.o(x$fpl$usenofp) for __I$use$fp
    fabs.o(i.__softfp_fabs) refers (Special) to usenofp.o(x$fpl$usenofp) for __I$use$fp
    fabs.o(i.fabs) refers (Special) to usenofp.o(x$fpl$usenofp) for __I$use$fp
    fpclassify.o(i.__ARM_fpclassify) refers (Special) to usenofp.o(x$fpl$usenofp) for __I$use$fp
    fpclassifyf.o(i.__ARM_fpclassifyf) refers (Special) to usenofp.o(x$fpl$usenofp) for __I$use$fp
    poly.o(i.__kernel_poly) refers (Special) to usenofp.o(x$fpl$usenofp) for __I$use$fp
    poly.o(i.__kernel_poly) refers to dmul.o(x$fpl$dmul) for __aeabi_dmul
    poly.o(i.__kernel_poly) refers to daddsub_clz.o(x$fpl$dadd) for __aeabi_dadd
    qnan.o(.constdata) refers (Special) to usenofp.o(x$fpl$usenofp) for __I$use$fp
    rredf.o(i.__mathlib_rredf2) refers (Special) to usenofp.o(x$fpl$usenofp) for __I$use$fp
    rredf.o(i.__mathlib_rredf2) refers to rredf.o(.constdata) for .constdata
    rredf.o(.constdata) refers (Special) to usenofp.o(x$fpl$usenofp) for __I$use$fp
    __rtentry2.o(.ARM.Collect$$rtentry$$00000008) refers to boardinit2.o(.text) for _platform_post_stackheap_init
    __rtentry2.o(.ARM.Collect$$rtentry$$0000000A) refers to libinit.o(.ARM.Collect$$libinit$$00000000) for __rt_lib_init
    __rtentry2.o(.ARM.Collect$$rtentry$$0000000B) refers to boardinit3.o(.text) for _platform_post_lib_init
    __rtentry2.o(.ARM.Collect$$rtentry$$0000000D) refers to main.o(.text) for main
    __rtentry2.o(.ARM.Collect$$rtentry$$0000000D) refers to exit.o(.text) for exit
    __rtentry2.o(.ARM.exidx) refers to __rtentry2.o(.ARM.Collect$$rtentry$$00000001) for .ARM.Collect$$rtentry$$00000001
    __rtentry2.o(.ARM.exidx) refers to __rtentry2.o(.ARM.Collect$$rtentry$$00000008) for .ARM.Collect$$rtentry$$00000008
    __rtentry2.o(.ARM.exidx) refers to __rtentry2.o(.ARM.Collect$$rtentry$$0000000A) for .ARM.Collect$$rtentry$$0000000A
    __rtentry2.o(.ARM.exidx) refers to __rtentry2.o(.ARM.Collect$$rtentry$$0000000B) for .ARM.Collect$$rtentry$$0000000B
    __rtentry2.o(.ARM.exidx) refers to __rtentry2.o(.ARM.Collect$$rtentry$$0000000D) for .ARM.Collect$$rtentry$$0000000D
    __rtentry4.o(.ARM.Collect$$rtentry$$00000004) refers to sys_stackheap_outer.o(.text) for __user_setup_stackheap
    __rtentry4.o(.ARM.exidx) refers to __rtentry4.o(.ARM.Collect$$rtentry$$00000004) for .ARM.Collect$$rtentry$$00000004
    aeabi_ldiv0_sigfpe.o(.text) refers to rt_div0.o(.text) for __rt_div0
    rt_errno_addr.o(.text) refers to rt_errno_addr.o(.bss) for __aeabi_errno_addr_data
    rt_errno_addr_intlibspace.o(.text) refers to libspace.o(.bss) for __libspace_start
    _printf_char_common.o(.text) refers to __printf_flags_wp.o(.text) for __printf
    dcheck1.o(x$fpl$dcheck1) refers (Special) to usenofp.o(x$fpl$usenofp) for __I$use$fp
    dcheck1.o(x$fpl$dcheck1) refers to retnan.o(x$fpl$retnan) for __fpl_return_NaN
    dcmpi.o(x$fpl$dcmpinf) refers (Special) to usenofp.o(x$fpl$usenofp) for __I$use$fp
    libspace.o(.text) refers to libspace.o(.bss) for __libspace_start
    sys_stackheap_outer.o(.text) refers to libspace.o(.text) for __user_perproc_libspace
    sys_stackheap_outer.o(.text) refers to startup_stm32f40_41xxx.o(.text) for __user_initial_stackheap
    rt_div0.o(.text) refers to defsig_fpe_outer.o(.text) for __rt_SIGFPE
    exit.o(.text) refers to rtexit.o(.ARM.Collect$$rtexit$$00000000) for __rt_exit
    libinit.o(.ARM.Collect$$libinit$$00000000) refers (Special) to libinit2.o(.ARM.Collect$$libinit$$0000002E) for __rt_lib_init_alloca_1
    libinit.o(.ARM.Collect$$libinit$$00000000) refers (Special) to libinit2.o(.ARM.Collect$$libinit$$0000002C) for __rt_lib_init_argv_1
    libinit.o(.ARM.Collect$$libinit$$00000000) refers (Special) to libinit2.o(.ARM.Collect$$libinit$$0000001B) for __rt_lib_init_atexit_1
    libinit.o(.ARM.Collect$$libinit$$00000000) refers (Special) to libinit2.o(.ARM.Collect$$libinit$$00000021) for __rt_lib_init_clock_1
    libinit.o(.ARM.Collect$$libinit$$00000000) refers (Special) to libinit2.o(.ARM.Collect$$libinit$$00000032) for __rt_lib_init_cpp_1
    libinit.o(.ARM.Collect$$libinit$$00000000) refers (Special) to libinit2.o(.ARM.Collect$$libinit$$00000030) for __rt_lib_init_exceptions_1
    libinit.o(.ARM.Collect$$libinit$$00000000) refers (Special) to libinit2.o(.ARM.Collect$$libinit$$00000001) for __rt_lib_init_fp_1
    libinit.o(.ARM.Collect$$libinit$$00000000) refers (Special) to libinit2.o(.ARM.Collect$$libinit$$0000001F) for __rt_lib_init_fp_trap_1
    libinit.o(.ARM.Collect$$libinit$$00000000) refers (Special) to libinit2.o(.ARM.Collect$$libinit$$00000023) for __rt_lib_init_getenv_1
    libinit.o(.ARM.Collect$$libinit$$00000000) refers (Special) to libinit2.o(.ARM.Collect$$libinit$$0000000A) for __rt_lib_init_heap_1
    libinit.o(.ARM.Collect$$libinit$$00000000) refers (Special) to libinit2.o(.ARM.Collect$$libinit$$00000011) for __rt_lib_init_lc_collate_1
    libinit.o(.ARM.Collect$$libinit$$00000000) refers (Special) to libinit2.o(.ARM.Collect$$libinit$$00000013) for __rt_lib_init_lc_ctype_1
    libinit.o(.ARM.Collect$$libinit$$00000000) refers (Special) to libinit2.o(.ARM.Collect$$libinit$$00000015) for __rt_lib_init_lc_monetary_1
    libinit.o(.ARM.Collect$$libinit$$00000000) refers (Special) to libinit2.o(.ARM.Collect$$libinit$$00000017) for __rt_lib_init_lc_numeric_1
    libinit.o(.ARM.Collect$$libinit$$00000000) refers (Special) to libinit2.o(.ARM.Collect$$libinit$$00000019) for __rt_lib_init_lc_time_1
    libinit.o(.ARM.Collect$$libinit$$00000000) refers (Special) to libinit2.o(.ARM.Collect$$libinit$$00000004) for __rt_lib_init_preinit_1
    libinit.o(.ARM.Collect$$libinit$$00000000) refers (Special) to libinit2.o(.ARM.Collect$$libinit$$0000000E) for __rt_lib_init_rand_1
    libinit.o(.ARM.Collect$$libinit$$00000000) refers (Special) to libinit2.o(.ARM.Collect$$libinit$$00000033) for __rt_lib_init_return
    libinit.o(.ARM.Collect$$libinit$$00000000) refers (Special) to libinit2.o(.ARM.Collect$$libinit$$0000001D) for __rt_lib_init_signal_1
    libinit.o(.ARM.Collect$$libinit$$00000000) refers (Special) to libinit2.o(.ARM.Collect$$libinit$$00000025) for __rt_lib_init_stdio_1
    libinit.o(.ARM.Collect$$libinit$$00000000) refers (Special) to libinit2.o(.ARM.Collect$$libinit$$0000000C) for __rt_lib_init_user_alloc_1
    retnan.o(x$fpl$retnan) refers (Special) to usenofp.o(x$fpl$usenofp) for __I$use$fp
    retnan.o(x$fpl$retnan) refers to trapv.o(x$fpl$trapveneer) for __fpl_cmpreturn
    rtexit.o(.ARM.Collect$$rtexit$$00000000) refers (Special) to rtexit2.o(.ARM.Collect$$rtexit$$00000004) for __rt_exit_exit
    rtexit.o(.ARM.Collect$$rtexit$$00000000) refers (Special) to rtexit2.o(.ARM.Collect$$rtexit$$00000003) for __rt_exit_ls
    rtexit.o(.ARM.Collect$$rtexit$$00000000) refers (Special) to rtexit2.o(.ARM.Collect$$rtexit$$00000002) for __rt_exit_prels_1
    rtexit.o(.ARM.exidx) refers (Special) to rtexit2.o(.ARM.Collect$$rtexit$$00000004) for __rt_exit_exit
    rtexit.o(.ARM.exidx) refers (Special) to rtexit2.o(.ARM.Collect$$rtexit$$00000003) for __rt_exit_ls
    rtexit.o(.ARM.exidx) refers (Special) to rtexit2.o(.ARM.Collect$$rtexit$$00000002) for __rt_exit_prels_1
    rtexit.o(.ARM.exidx) refers to rtexit.o(.ARM.Collect$$rtexit$$00000000) for .ARM.Collect$$rtexit$$00000000
    defsig_fpe_outer.o(.text) refers to defsig_fpe_inner.o(.text) for __rt_SIGFPE_inner
    defsig_fpe_outer.o(.text) refers to defsig_exit.o(.text) for __sig_exit
    defsig_fpe_formal.o(.text) refers to rt_raise.o(.text) for __rt_raise
    libinit2.o(.ARM.Collect$$libinit$$00000001) refers to fpinit.o(x$fpl$fpinit) for _fp_init
    libinit2.o(.ARM.Collect$$libinit$$00000010) refers to libinit2.o(.ARM.Collect$$libinit$$0000000F) for .ARM.Collect$$libinit$$0000000F
    libinit2.o(.ARM.Collect$$libinit$$00000012) refers to libinit2.o(.ARM.Collect$$libinit$$0000000F) for .ARM.Collect$$libinit$$0000000F
    libinit2.o(.ARM.Collect$$libinit$$00000014) refers to libinit2.o(.ARM.Collect$$libinit$$0000000F) for .ARM.Collect$$libinit$$0000000F
    libinit2.o(.ARM.Collect$$libinit$$00000016) refers to libinit2.o(.ARM.Collect$$libinit$$0000000F) for .ARM.Collect$$libinit$$0000000F
    libinit2.o(.ARM.Collect$$libinit$$00000018) refers to libinit2.o(.ARM.Collect$$libinit$$0000000F) for .ARM.Collect$$libinit$$0000000F
    libinit2.o(.ARM.Collect$$libinit$$00000026) refers to argv_veneer.o(.emb_text) for __ARM_argv_veneer
    libinit2.o(.ARM.Collect$$libinit$$00000027) refers to argv_veneer.o(.emb_text) for __ARM_argv_veneer
    trapv.o(x$fpl$trapveneer) refers (Special) to usenofp.o(x$fpl$usenofp) for __I$use$fp
    rtexit2.o(.ARM.Collect$$rtexit$$00000003) refers to libshutdown.o(.ARM.Collect$$libshutdown$$00000000) for __rt_lib_shutdown
    rtexit2.o(.ARM.Collect$$rtexit$$00000004) refers to usart.o(.text) for _sys_exit
    rtexit2.o(.ARM.exidx) refers to rtexit2.o(.ARM.Collect$$rtexit$$00000001) for .ARM.Collect$$rtexit$$00000001
    rtexit2.o(.ARM.exidx) refers to rtexit2.o(.ARM.Collect$$rtexit$$00000003) for .ARM.Collect$$rtexit$$00000003
    rtexit2.o(.ARM.exidx) refers to rtexit2.o(.ARM.Collect$$rtexit$$00000004) for .ARM.Collect$$rtexit$$00000004
    rt_raise.o(.text) refers to __raise.o(.text) for __raise
    rt_raise.o(.text) refers to usart.o(.text) for _sys_exit
    defsig_exit.o(.text) refers to usart.o(.text) for _sys_exit
    defsig_fpe_inner.o(.text) refers to defsig_general.o(.text) for __default_signal_display
    argv_veneer.o(.emb_text) refers to no_argv.o(.text) for __ARM_get_argv
    __raise.o(.text) refers to defsig.o(CL$$defsig) for __default_signal_handler
    defsig_general.o(.text) refers to sys_wrch.o(.text) for _ttywrch
    _get_argv_nomalloc.o(.text) refers (Special) to hrguard.o(.text) for __heap_region$guard
    _get_argv_nomalloc.o(.text) refers to defsig_rtmem_outer.o(.text) for __rt_SIGRTMEM
    _get_argv_nomalloc.o(.text) refers to sys_command.o(.text) for _sys_command_string
    libshutdown.o(.ARM.Collect$$libshutdown$$00000000) refers (Special) to libshutdown2.o(.ARM.Collect$$libshutdown$$00000002) for __rt_lib_shutdown_cpp_1
    libshutdown.o(.ARM.Collect$$libshutdown$$00000000) refers (Special) to libshutdown2.o(.ARM.Collect$$libshutdown$$00000007) for __rt_lib_shutdown_fp_trap_1
    libshutdown.o(.ARM.Collect$$libshutdown$$00000000) refers (Special) to libshutdown2.o(.ARM.Collect$$libshutdown$$0000000F) for __rt_lib_shutdown_heap_1
    libshutdown.o(.ARM.Collect$$libshutdown$$00000000) refers (Special) to libshutdown2.o(.ARM.Collect$$libshutdown$$00000010) for __rt_lib_shutdown_return
    libshutdown.o(.ARM.Collect$$libshutdown$$00000000) refers (Special) to libshutdown2.o(.ARM.Collect$$libshutdown$$0000000A) for __rt_lib_shutdown_signal_1
    libshutdown.o(.ARM.Collect$$libshutdown$$00000000) refers (Special) to libshutdown2.o(.ARM.Collect$$libshutdown$$00000004) for __rt_lib_shutdown_stdio_1
    libshutdown.o(.ARM.Collect$$libshutdown$$00000000) refers (Special) to libshutdown2.o(.ARM.Collect$$libshutdown$$0000000C) for __rt_lib_shutdown_user_alloc_1
    sys_wrch.o(.text) refers (Special) to use_no_semi.o(.text) for __I$use$semihosting
    sys_wrch.o(.text) refers (Special) to indicate_semi.o(.text) for __semihosting_library_function
    sys_command.o(.text) refers (Special) to use_no_semi.o(.text) for __I$use$semihosting
    sys_command.o(.text) refers (Special) to indicate_semi.o(.text) for __semihosting_library_function
    defsig_rtmem_outer.o(.text) refers to defsig_rtmem_inner.o(.text) for __rt_SIGRTMEM_inner
    defsig_rtmem_outer.o(.text) refers to defsig_exit.o(.text) for __sig_exit
    defsig_rtmem_formal.o(.text) refers to rt_raise.o(.text) for __rt_raise
    defsig.o(CL$$defsig) refers to defsig_fpe_inner.o(.text) for __rt_SIGFPE_inner
    defsig.o(CL$$defsig) refers to defsig_rtmem_inner.o(.text) for __rt_SIGRTMEM_inner
    defsig_abrt_inner.o(.text) refers to defsig_general.o(.text) for __default_signal_display
    defsig_rtred_inner.o(.text) refers to defsig_general.o(.text) for __default_signal_display
    defsig_rtmem_inner.o(.text) refers to defsig_general.o(.text) for __default_signal_display
    defsig_stak_inner.o(.text) refers to defsig_general.o(.text) for __default_signal_display
    defsig_pvfn_inner.o(.text) refers to defsig_general.o(.text) for __default_signal_display
    defsig_cppl_inner.o(.text) refers to defsig_general.o(.text) for __default_signal_display
    defsig_segv_inner.o(.text) refers to defsig_general.o(.text) for __default_signal_display
    defsig_other.o(.text) refers to defsig_general.o(.text) for __default_signal_display


==============================================================================

Removing Unused input sections from the image.

    Removing main.o(.rev16_text), (4 bytes).
    Removing main.o(.revsh_text), (4 bytes).
    Removing stm32f4xx_it.o(.rev16_text), (4 bytes).
    Removing stm32f4xx_it.o(.revsh_text), (4 bytes).
    Removing system_stm32f4xx.o(.rev16_text), (4 bytes).
    Removing system_stm32f4xx.o(.revsh_text), (4 bytes).
    Removing led.o(.rev16_text), (4 bytes).
    Removing led.o(.revsh_text), (4 bytes).
    Removing pwm.o(.rev16_text), (4 bytes).
    Removing pwm.o(.revsh_text), (4 bytes).
    Removing myiic.o(.rev16_text), (4 bytes).
    Removing myiic.o(.revsh_text), (4 bytes).
    Removing spi.o(.rev16_text), (4 bytes).
    Removing spi.o(.revsh_text), (4 bytes).
    Removing mpu6050.o(.rev16_text), (4 bytes).
    Removing mpu6050.o(.revsh_text), (4 bytes).
    Removing 24l01.o(.rev16_text), (4 bytes).
    Removing 24l01.o(.revsh_text), (4 bytes).
    Removing timer.o(.rev16_text), (4 bytes).
    Removing timer.o(.revsh_text), (4 bytes).
    Removing stmflash.o(.rev16_text), (4 bytes).
    Removing stmflash.o(.revsh_text), (4 bytes).
    Removing stmflash.o(.text), (300 bytes).
    Removing adc.o(.rev16_text), (4 bytes).
    Removing adc.o(.revsh_text), (4 bytes).
    Removing ms5611.o(.rev16_text), (4 bytes).
    Removing ms5611.o(.revsh_text), (4 bytes).
    Removing ms5611.o(.data), (36 bytes).
    Removing ms5611.o(.data), (4 bytes).
    Removing hmc5883l.o(.rev16_text), (4 bytes).
    Removing hmc5883l.o(.revsh_text), (4 bytes).
    Removing hmc5883l.o(.text), (680 bytes).
    Removing hmc5883l.o(.bss), (66 bytes).
    Removing hmc5883l.o(.data), (12 bytes).
    Removing delay.o(.rev16_text), (4 bytes).
    Removing delay.o(.revsh_text), (4 bytes).
    Removing sys.o(.rev16_text), (4 bytes).
    Removing sys.o(.revsh_text), (4 bytes).
    Removing sys.o(.emb_text), (16 bytes).
    Removing usart.o(.rev16_text), (4 bytes).
    Removing usart.o(.revsh_text), (4 bytes).
    Removing misc.o(.rev16_text), (4 bytes).
    Removing misc.o(.revsh_text), (4 bytes).
    Removing stm32f4xx_gpio.o(.rev16_text), (4 bytes).
    Removing stm32f4xx_gpio.o(.revsh_text), (4 bytes).
    Removing stm32f4xx_usart.o(.rev16_text), (4 bytes).
    Removing stm32f4xx_usart.o(.revsh_text), (4 bytes).
    Removing stm32f4xx_tim.o(.rev16_text), (4 bytes).
    Removing stm32f4xx_tim.o(.revsh_text), (4 bytes).
    Removing stm32f4xx_syscfg.o(.rev16_text), (4 bytes).
    Removing stm32f4xx_syscfg.o(.revsh_text), (4 bytes).
    Removing stm32f4xx_rcc.o(.rev16_text), (4 bytes).
    Removing stm32f4xx_rcc.o(.revsh_text), (4 bytes).
    Removing stm32f4xx_spi.o(.rev16_text), (4 bytes).
    Removing stm32f4xx_spi.o(.revsh_text), (4 bytes).
    Removing stm32f4xx_exti.o(.rev16_text), (4 bytes).
    Removing stm32f4xx_exti.o(.revsh_text), (4 bytes).
    Removing stm32f4xx_flash.o(.rev16_text), (4 bytes).
    Removing stm32f4xx_flash.o(.revsh_text), (4 bytes).
    Removing stm32f4xx_flash.o(.text), (1256 bytes).
    Removing stm32f4xx_adc.o(.rev16_text), (4 bytes).
    Removing stm32f4xx_adc.o(.revsh_text), (4 bytes).
    Removing controlalgorithm.o(.rev16_text), (4 bytes).
    Removing controlalgorithm.o(.revsh_text), (4 bytes).
    Removing controlalgorithm.o(.text), (836 bytes).
    Removing controlalgorithm.o(.bss), (72 bytes).
    Removing dataacquisition.o(.rev16_text), (4 bytes).
    Removing dataacquisition.o(.revsh_text), (4 bytes).
    Removing dataacquisition.o(.bss), (44 bytes).
    Removing dataacquisition.o(.data), (4 bytes).
    Removing remotereceive.o(.rev16_text), (4 bytes).
    Removing remotereceive.o(.revsh_text), (4 bytes).
    Removing uimanage.o(.rev16_text), (4 bytes).
    Removing uimanage.o(.revsh_text), (4 bytes).
    Removing nvram.o(.rev16_text), (4 bytes).
    Removing nvram.o(.revsh_text), (4 bytes).
    Removing nvram.o(.text), (396 bytes).
    Removing nvram.o(.bss), (2048 bytes).
    Removing nvram.o(.bss), (1024 bytes).
    Removing nvram.o(.data), (12 bytes).
    Removing nvram.o(.data), (4 bytes).
    Removing nvram.o(.data), (4 bytes).
    Removing nvram.o(.data), (4 bytes).
    Removing nvram.o(.data), (4 bytes).
    Removing nvram.o(.data), (4 bytes).
    Removing nvram.o(.data), (4 bytes).
    Removing nvram.o(.data), (4 bytes).
    Removing nvram.o(.data), (4 bytes).
    Removing nvram.o(.data), (4 bytes).
    Removing outputdata.o(.rev16_text), (4 bytes).
    Removing outputdata.o(.revsh_text), (4 bytes).
    Removing attitudealgorithm.o(.rev16_text), (4 bytes).
    Removing attitudealgorithm.o(.revsh_text), (4 bytes).
    Removing attitudealgorithm.o(.rrx_text), (6 bytes).
    Removing attitudealgorithm.o(.data), (4 bytes).
    Removing attitudealgorithm.o(.data), (4 bytes).
    Removing attitudealgorithm.o(.data), (4 bytes).
    Removing attitudealgorithm.o(.data), (4 bytes).
    Removing attitudealgorithm.o(.data), (4 bytes).
    Removing filter.o(.rev16_text), (4 bytes).
    Removing filter.o(.revsh_text), (4 bytes).
    Removing filter.o(.rrx_text), (6 bytes).

102 unused section(s) (total 7154 bytes) removed from the image.

==============================================================================

Memory Map of the image

  Image Entry point : 0x00000000

  Load Region LR_IROM1 (Base: 0x08000000, Size: 0x000101bc, Max: 0x00100000, ABSOLUTE)

    Execution Region ER_IROM1 (Base: 0x08000000, Size: 0x00010000, Max: 0x00100000, ABSOLUTE)

    Base Addr    Size         Type   Attr      Idx    E Section Name        Object

    0x08000000   0x00000188   Data   RO          645    RESET               startup_stm32f40_41xxx.o
    0x08000188   0x00000008   Code   RO         1369  * !!!main             c_w.l(__main.o)
    0x08000190   0x00000000   Code   RO         1356    .ARM.Collect$$_printf_percent$$00000000  c_w.l(_printf_percent.o)
    0x08000190   0x00000006   Code   RO         1355    .ARM.Collect$$_printf_percent$$00000009  c_w.l(_printf_d.o)
    0x08000196   0x00000006   Code   RO         1353    .ARM.Collect$$_printf_percent$$00000014  c_w.l(_printf_s.o)
    0x0800019c   0x00000004   Code   RO         1512    .ARM.Collect$$_printf_percent$$00000017  c_w.l(_printf_percent_end.o)
    0x080001a0   0x00000002   Code   RO         1626    .ARM.Collect$$libinit$$00000000  c_w.l(libinit.o)
    0x080001a2   0x00000004   Code   RO         1635    .ARM.Collect$$libinit$$00000001  c_w.l(libinit2.o)
    0x080001a6   0x00000000   Code   RO         1638    .ARM.Collect$$libinit$$00000004  c_w.l(libinit2.o)
    0x080001a6   0x00000000   Code   RO         1641    .ARM.Collect$$libinit$$0000000A  c_w.l(libinit2.o)
    0x080001a6   0x00000000   Code   RO         1643    .ARM.Collect$$libinit$$0000000C  c_w.l(libinit2.o)
    0x080001a6   0x00000000   Code   RO         1645    .ARM.Collect$$libinit$$0000000E  c_w.l(libinit2.o)
    0x080001a6   0x00000000   Code   RO         1648    .ARM.Collect$$libinit$$00000011  c_w.l(libinit2.o)
    0x080001a6   0x00000000   Code   RO         1650    .ARM.Collect$$libinit$$00000013  c_w.l(libinit2.o)
    0x080001a6   0x00000000   Code   RO         1652    .ARM.Collect$$libinit$$00000015  c_w.l(libinit2.o)
    0x080001a6   0x00000000   Code   RO         1654    .ARM.Collect$$libinit$$00000017  c_w.l(libinit2.o)
    0x080001a6   0x00000000   Code   RO         1656    .ARM.Collect$$libinit$$00000019  c_w.l(libinit2.o)
    0x080001a6   0x00000000   Code   RO         1658    .ARM.Collect$$libinit$$0000001B  c_w.l(libinit2.o)
    0x080001a6   0x00000000   Code   RO         1660    .ARM.Collect$$libinit$$0000001D  c_w.l(libinit2.o)
    0x080001a6   0x00000000   Code   RO         1662    .ARM.Collect$$libinit$$0000001F  c_w.l(libinit2.o)
    0x080001a6   0x00000000   Code   RO         1664    .ARM.Collect$$libinit$$00000021  c_w.l(libinit2.o)
    0x080001a6   0x00000000   Code   RO         1666    .ARM.Collect$$libinit$$00000023  c_w.l(libinit2.o)
    0x080001a6   0x00000000   Code   RO         1668    .ARM.Collect$$libinit$$00000025  c_w.l(libinit2.o)
    0x080001a6   0x00000000   Code   RO         1672    .ARM.Collect$$libinit$$0000002C  c_w.l(libinit2.o)
    0x080001a6   0x00000000   Code   RO         1674    .ARM.Collect$$libinit$$0000002E  c_w.l(libinit2.o)
    0x080001a6   0x00000000   Code   RO         1676    .ARM.Collect$$libinit$$00000030  c_w.l(libinit2.o)
    0x080001a6   0x00000000   Code   RO         1678    .ARM.Collect$$libinit$$00000032  c_w.l(libinit2.o)
    0x080001a6   0x00000002   Code   RO         1679    .ARM.Collect$$libinit$$00000033  c_w.l(libinit2.o)
    0x080001a8   0x00000002   Code   RO         1709    .ARM.Collect$$libshutdown$$00000000  c_w.l(libshutdown.o)
    0x080001aa   0x00000000   Code   RO         1723    .ARM.Collect$$libshutdown$$00000002  c_w.l(libshutdown2.o)
    0x080001aa   0x00000000   Code   RO         1725    .ARM.Collect$$libshutdown$$00000004  c_w.l(libshutdown2.o)
    0x080001aa   0x00000000   Code   RO         1728    .ARM.Collect$$libshutdown$$00000007  c_w.l(libshutdown2.o)
    0x080001aa   0x00000000   Code   RO         1731    .ARM.Collect$$libshutdown$$0000000A  c_w.l(libshutdown2.o)
    0x080001aa   0x00000000   Code   RO         1733    .ARM.Collect$$libshutdown$$0000000C  c_w.l(libshutdown2.o)
    0x080001aa   0x00000000   Code   RO         1736    .ARM.Collect$$libshutdown$$0000000F  c_w.l(libshutdown2.o)
    0x080001aa   0x00000002   Code   RO         1737    .ARM.Collect$$libshutdown$$00000010  c_w.l(libshutdown2.o)
    0x080001ac   0x00000000   Code   RO         1501    .ARM.Collect$$rtentry$$00000000  c_w.l(__rtentry.o)
    0x080001ac   0x00000000   Code   RO         1577    .ARM.Collect$$rtentry$$00000002  c_w.l(__rtentry2.o)
    0x080001ac   0x00000006   Code   RO         1589    .ARM.Collect$$rtentry$$00000004  c_w.l(__rtentry4.o)
    0x080001b2   0x00000000   Code   RO         1579    .ARM.Collect$$rtentry$$00000009  c_w.l(__rtentry2.o)
    0x080001b2   0x00000004   Code   RO         1580    .ARM.Collect$$rtentry$$0000000A  c_w.l(__rtentry2.o)
    0x080001b6   0x00000000   Code   RO         1582    .ARM.Collect$$rtentry$$0000000C  c_w.l(__rtentry2.o)
    0x080001b6   0x00000008   Code   RO         1583    .ARM.Collect$$rtentry$$0000000D  c_w.l(__rtentry2.o)
    0x080001be   0x00000002   Code   RO         1629    .ARM.Collect$$rtexit$$00000000  c_w.l(rtexit.o)
    0x080001c0   0x00000000   Code   RO         1683    .ARM.Collect$$rtexit$$00000002  c_w.l(rtexit2.o)
    0x080001c0   0x00000004   Code   RO         1684    .ARM.Collect$$rtexit$$00000003  c_w.l(rtexit2.o)
    0x080001c4   0x00000006   Code   RO         1685    .ARM.Collect$$rtexit$$00000004  c_w.l(rtexit2.o)
    0x080001ca   0x00000002   PAD
    0x080001cc   0x000000b6   Code   RO          981    .emb_text           port.o
    0x08000282   0x00000002   PAD
    0x08000284   0x0000011c   Code   RO            3    .text               main.o
    0x080003a0   0x0000000c   Code   RO          223    .text               stm32f4xx_it.o
    0x080003ac   0x0000017c   Code   RO          272    .text               system_stm32f4xx.o
    0x08000528   0x0000002c   Code   RO          296    .text               crc16.o
    0x08000554   0x00000040   Code   RO          311    .text               led.o
    0x08000594   0x000001dc   Code   RO          331    .text               pwm.o
    0x08000770   0x00000328   Code   RO          351    .text               myiic.o
    0x08000a98   0x0000010c   Code   RO          371    .text               spi.o
    0x08000ba4   0x000001a4   Code   RO          394    .text               mpu6050.o
    0x08000d48   0x000003b8   Code   RO          418    .text               24l01.o
    0x08001100   0x0000007c   Code   RO          442    .text               timer.o
    0x0800117c   0x000000d8   Code   RO          486    .text               adc.o
    0x08001254   0x00000560   Code   RO          506    .text               ms5611.o
    0x080017b4   0x000000e4   Code   RO          575    .text               delay.o
    0x08001898   0x000000ec   Code   RO          615    .text               usart.o
    0x08001984   0x00000040   Code   RO          646    .text               startup_stm32f40_41xxx.o
    0x080019c4   0x000000b0   Code   RO          652    .text               misc.o
    0x08001a74   0x00000238   Code   RO          672    .text               stm32f4xx_gpio.o
    0x08001cac   0x00000358   Code   RO          692    .text               stm32f4xx_usart.o
    0x08002004   0x000009dc   Code   RO          712    .text               stm32f4xx_tim.o
    0x080029e0   0x0000007c   Code   RO          733    .text               stm32f4xx_syscfg.o
    0x08002a5c   0x00000480   Code   RO          753    .text               stm32f4xx_rcc.o
    0x08002edc   0x0000032c   Code   RO          775    .text               stm32f4xx_spi.o
    0x08003208   0x000000e0   Code   RO          795    .text               stm32f4xx_exti.o
    0x080032e8   0x00000354   Code   RO          836    .text               stm32f4xx_adc.o
    0x0800363c   0x00000088   Code   RO          873    .text               list.o
    0x080036c4   0x00000690   Code   RO          894    .text               queue.o
    0x08003d54   0x00000e20   Code   RO          925    .text               tasks.o
    0x08004b74   0x000000f4   Code   RO          966    .text               heap_2.o
    0x08004c68   0x000000ec   Code   RO          982    .text               port.o
    0x08004d54   0x00000438   Code   RO         1044    .text               dataacquisition.o
    0x0800518c   0x0000036c   Code   RO         1084    .text               remotereceive.o
    0x080054f8   0x000000d0   Code   RO         1122    .text               uimanage.o
    0x080055c8   0x000000c0   Code   RO         1184    .text               outputdata.o
    0x08005688   0x00000f04   Code   RO         1211    .text               4AXIS.lib(attitudealgorithm.o)
    0x0800658c   0x00000368   Code   RO         1270    .text               4AXIS.lib(filter.o)
    0x080068f4   0x00000002   Code   RO         1296    .text               c_w.l(use_no_semi_2.o)
    0x080068f6   0x00000048   Code   RO         1298    .text               c_w.l(llsdiv.o)
    0x0800693e   0x00000002   PAD
    0x08006940   0x00000018   Code   RO         1302    .text               c_w.l(noretval__2printf.o)
    0x08006958   0x00000052   Code   RO         1308    .text               c_w.l(_printf_str.o)
    0x080069aa   0x00000002   PAD
    0x080069ac   0x00000078   Code   RO         1310    .text               c_w.l(_printf_dec.o)
    0x08006a24   0x00000138   Code   RO         1345    .text               c_w.l(__printf_flags_wp.o)
    0x08006b5c   0x0000008a   Code   RO         1357    .text               c_w.l(rt_memcpy_v6.o)
    0x08006be6   0x00000064   Code   RO         1359    .text               c_w.l(rt_memcpy_w.o)
    0x08006c4a   0x00000010   Code   RO         1361    .text               c_w.l(aeabi_memset.o)
    0x08006c5a   0x00000044   Code   RO         1363    .text               c_w.l(rt_memclr.o)
    0x08006c9e   0x0000004e   Code   RO         1365    .text               c_w.l(rt_memclr_w.o)
    0x08006cec   0x00000006   Code   RO         1367    .text               c_w.l(heapauxi.o)
    0x08006cf2   0x00000002   Code   RO         1499    .text               c_w.l(use_no_semi.o)
    0x08006cf4   0x000000ee   Code   RO         1502    .text               c_w.l(lludivv7m.o)
    0x08006de2   0x00000016   Code   RO         1504    .text               c_w.l(_rserrno.o)
    0x08006df8   0x000000b2   Code   RO         1506    .text               c_w.l(_printf_intcommon.o)
    0x08006eaa   0x0000002c   Code   RO         1508    .text               c_w.l(_printf_char.o)
    0x08006ed6   0x00000002   PAD
    0x08006ed8   0x00000024   Code   RO         1510    .text               c_w.l(_printf_char_file.o)
    0x08006efc   0x00000008   Code   RO         1598    .text               c_w.l(rt_errno_addr_intlibspace.o)
    0x08006f04   0x00000030   Code   RO         1600    .text               c_w.l(_printf_char_common.o)
    0x08006f34   0x00000008   Code   RO         1602    .text               c_w.l(ferror.o)
    0x08006f3c   0x00000008   Code   RO         1610    .text               c_w.l(libspace.o)
    0x08006f44   0x0000004a   Code   RO         1613    .text               c_w.l(sys_stackheap_outer.o)
    0x08006f8e   0x00000012   Code   RO         1619    .text               c_w.l(exit.o)
    0x08006fa0   0x00000030   Code   RO         1552    i.__ARM_fpclassify  m_wm.l(fpclassify.o)
    0x08006fd0   0x00000026   Code   RO         1554    i.__ARM_fpclassifyf  m_wm.l(fpclassifyf.o)
    0x08006ff6   0x00000002   PAD
    0x08006ff8   0x000002d8   Code   RO         1399    i.__hardfp_atan     m_wm.l(atan.o)
    0x080072d0   0x000001f0   Code   RO         1413    i.__hardfp_atan2    m_wm.l(atan2.o)
    0x080074c0   0x00000250   Code   RO         1425    i.__hardfp_atan2f   m_wm.l(atan2f.o)
    0x08007710   0x00000150   Code   RO         1437    i.__hardfp_cosf     m_wm.l(cosf.o)
    0x08007860   0x00000c50   Code   RO         1449    i.__hardfp_pow      m_wm.l(pow.o)
    0x080084b0   0x00000190   Code   RO         1463    i.__hardfp_sinf     m_wm.l(sinf.o)
    0x08008640   0x0000007a   Code   RO         1475    i.__hardfp_sqrt     m_wm.l(sqrt.o)
    0x080086ba   0x00000002   PAD
    0x080086bc   0x0000017c   Code   RO         1487    i.__hardfp_tanf     m_wm.l(tanf.o)
    0x08008838   0x000000f8   Code   RO         1570    i.__kernel_poly     m_wm.l(poly.o)
    0x08008930   0x00000030   Code   RO         1532    i.__mathlib_dbl_divzero  m_wm.l(dunder.o)
    0x08008960   0x00000014   Code   RO         1533    i.__mathlib_dbl_infnan  m_wm.l(dunder.o)
    0x08008974   0x00000014   Code   RO         1534    i.__mathlib_dbl_infnan2  m_wm.l(dunder.o)
    0x08008988   0x00000020   Code   RO         1535    i.__mathlib_dbl_invalid  m_wm.l(dunder.o)
    0x080089a8   0x00000020   Code   RO         1536    i.__mathlib_dbl_overflow  m_wm.l(dunder.o)
    0x080089c8   0x00000020   Code   RO         1538    i.__mathlib_dbl_underflow  m_wm.l(dunder.o)
    0x080089e8   0x00000006   Code   RO         1557    i.__mathlib_flt_infnan  m_wm.l(funder.o)
    0x080089ee   0x00000006   Code   RO         1558    i.__mathlib_flt_infnan2  m_wm.l(funder.o)
    0x080089f4   0x00000010   Code   RO         1559    i.__mathlib_flt_invalid  m_wm.l(funder.o)
    0x08008a04   0x00000010   Code   RO         1562    i.__mathlib_flt_underflow  m_wm.l(funder.o)
    0x08008a14   0x00000154   Code   RO         1573    i.__mathlib_rredf2  m_wm.l(rredf.o)
    0x08008b68   0x0000000e   Code   RO         1343    i._is_digit         c_w.l(__printf_wp.o)
    0x08008b76   0x00000010   Code   RO         1401    i.atan              m_wm.l(atan.o)
    0x08008b86   0x00000018   Code   RO         1548    i.fabs              m_wm.l(fabs.o)
    0x08008b9e   0x0000006e   Code   RO         1477    i.sqrt              m_wm.l(sqrt.o)
    0x08008c0c   0x00000018   Code   RO         1513    x$fpl$basic         fz_wm.l(basic.o)
    0x08008c24   0x00000062   Code   RO         1371    x$fpl$d2f           fz_wm.l(d2f.o)
    0x08008c86   0x00000002   PAD
    0x08008c88   0x00000150   Code   RO         1373    x$fpl$dadd          fz_wm.l(daddsub_clz.o)
    0x08008dd8   0x00000010   Code   RO         1606    x$fpl$dcheck1       fz_wm.l(dcheck1.o)
    0x08008de8   0x00000018   Code   RO         1608    x$fpl$dcmpinf       fz_wm.l(dcmpi.o)
    0x08008e00   0x000002b0   Code   RO         1380    x$fpl$ddiv          fz_wm.l(ddiv.o)
    0x080090b0   0x0000005e   Code   RO         1383    x$fpl$dfix          fz_wm.l(dfix.o)
    0x0800910e   0x0000002e   Code   RO         1388    x$fpl$dflt          fz_wm.l(dflt_clz.o)
    0x0800913c   0x00000026   Code   RO         1387    x$fpl$dfltu         fz_wm.l(dflt_clz.o)
    0x08009162   0x00000002   PAD
    0x08009164   0x00000078   Code   RO         1515    x$fpl$dleqf         fz_wm.l(dleqf.o)
    0x080091dc   0x00000154   Code   RO         1393    x$fpl$dmul          fz_wm.l(dmul.o)
    0x08009330   0x0000009c   Code   RO         1517    x$fpl$dnaninf       fz_wm.l(dnaninf.o)
    0x080093cc   0x0000000c   Code   RO         1519    x$fpl$dretinf       fz_wm.l(dretinf.o)
    0x080093d8   0x0000006c   Code   RO         1521    x$fpl$drleqf        fz_wm.l(drleqf.o)
    0x08009444   0x00000016   Code   RO         1374    x$fpl$drsb          fz_wm.l(daddsub_clz.o)
    0x0800945a   0x00000002   PAD
    0x0800945c   0x00000198   Code   RO         1523    x$fpl$dsqrt         fz_wm.l(dsqrt_umaal.o)
    0x080095f4   0x000001d4   Code   RO         1375    x$fpl$dsub          fz_wm.l(daddsub_clz.o)
    0x080097c8   0x00000056   Code   RO         1395    x$fpl$f2d           fz_wm.l(f2d.o)
    0x0800981e   0x00000060   Code   RO         1397    x$fpl$ffltll        fz_wm.l(ffltll_clz.o)
    0x0800987e   0x0000008c   Code   RO         1525    x$fpl$fnaninf       fz_wm.l(fnaninf.o)
    0x0800990a   0x0000000a   Code   RO         1697    x$fpl$fpinit        fz_wm.l(fpinit.o)
    0x08009914   0x0000000a   Code   RO         1527    x$fpl$fretinf       fz_wm.l(fretinf.o)
    0x0800991e   0x00000064   Code   RO         1627    x$fpl$retnan        fz_wm.l(retnan.o)
    0x08009982   0x0000005c   Code   RO         1529    x$fpl$scalbn        fz_wm.l(scalbn.o)
    0x080099de   0x00000030   Code   RO         1680    x$fpl$trapveneer    fz_wm.l(trapv.o)
    0x08009a0e   0x00000000   Code   RO         1531    x$fpl$usenofp       fz_wm.l(usenofp.o)
    0x08009a0e   0x00000200   Data   RO          297    .constdata          crc16.o
    0x08009c0e   0x0000000a   Data   RO          419    .constdata          24l01.o
    0x08009c18   0x00000014   Data   RO          508    .constdata          ms5611.o
    0x08009c2c   0x00000021   Data   RO         1086    .constdata          remotereceive.o
    0x08009c4d   0x00000003   PAD
    0x08009c50   0x0000007c   Data   RO         1214    .constdata          4AXIS.lib(attitudealgorithm.o)
    0x08009ccc   0x00000011   Data   RO         1346    .constdata          c_w.l(__printf_flags_wp.o)
    0x08009cdd   0x00000003   PAD
    0x08009ce0   0x00000098   Data   RO         1402    .constdata          m_wm.l(atan.o)
    0x08009d78   0x00000088   Data   RO         1452    .constdata          m_wm.l(pow.o)
    0x08009e00   0x00000008   Data   RO         1572    .constdata          m_wm.l(qnan.o)
    0x08009e08   0x00000020   Data   RO         1574    .constdata          m_wm.l(rredf.o)
    0x08009e28   0x00000000   Data   RO         1755    Region$$Table       anon$$obj.o
    0x08009e28   0x000021d8   PAD
    0x0800c000   0x00004000   Data   RO         1146    .ARM.__AT_0x0800C000  nvram.o


    Execution Region RW_IRAM2 (Base: 0x10000000, Size: 0x0000cbd4, Max: 0x00010000, ABSOLUTE)

    Base Addr    Size         Type   Attr      Idx    E Section Name        Object

    0x10000000   0x00000038   Data   RW          927    .data               tasks.o
    0x10000038   0x00000018   Data   RW          968    .data               heap_2.o
    0x10000050   0x00000004   Data   RW          983    .data               port.o
    0x10000054   0x00000020   Data   RW         1016    .data               controlalgorithm.o
    0x10000074   0x00000010   Data   RW         1047    .data               dataacquisition.o
    0x10000084   0x000000b4   Data   RW         1215    .data               4AXIS.lib(attitudealgorithm.o)
    0x10000138   0x00000040   Zero   RW          895    .bss                queue.o
    0x10000178   0x000000b4   Zero   RW          926    .bss                tasks.o
    0x1000022c   0x0000c800   Zero   RW          967    .bss                heap_2.o
    0x1000ca2c   0x000000dc   Zero   RW         1045    .bss                dataacquisition.o
    0x1000cb08   0x00000020   Zero   RW         1212    .bss                4AXIS.lib(attitudealgorithm.o)
    0x1000cb28   0x000000ac   Zero   RW         1213    .bss                4AXIS.lib(attitudealgorithm.o)


    Execution Region RW_IRAM1 (Base: 0x20000000, Size: 0x00000db8, Max: 0x00020000, ABSOLUTE)

    Base Addr    Size         Type   Attr      Idx    E Section Name        Object

    0x20000000   0x00000014   Data   RW          273    .data               system_stm32f4xx.o
    0x20000014   0x00000004   PAD
    0x20000018   0x00000030   Data   RW          509    .data               ms5611.o
    0x20000048   0x00000004   Data   RW          576    .data               delay.o
    0x2000004c   0x00000004   Data   RW          616    .data               usart.o
    0x20000050   0x00000010   Data   RW          754    .data               stm32f4xx_rcc.o
    0x20000060   0x0000001c   Data   RW         1087    .data               remotereceive.o
    0x2000007c   0x00000008   Data   RW         1123    .data               uimanage.o
    0x20000084   0x000000a0   Zero   RW          507    .bss                ms5611.o
    0x20000124   0x00000020   Zero   RW         1085    .bss                remotereceive.o
    0x20000144   0x00000010   Zero   RW         1185    .bss                outputdata.o
    0x20000154   0x00000060   Zero   RW         1611    .bss                c_w.l(libspace.o)
    0x200001b4   0x00000004   PAD
    0x200001b8   0x00000400   Zero   RW          644    HEAP                startup_stm32f40_41xxx.o
    0x200005b8   0x00000800   Zero   RW          643    STACK               startup_stm32f40_41xxx.o

